 GameMP

 Timestamp is 62edac30 (Sat Aug 06 02:48:00 2022)

 Preferred load address is 10000000

 Start         Length     Name                   Class
 0001:00000000 0001d418H .text                   CODE
 0001:0001d420 0000232cH .text$x                 CODE
 0002:00000000 000004e8H .idata$5                DATA
 0002:000004e8 0000030cH .rdata                  DATA
 0002:000007f8 00000044H .rdata$r                DATA
 0002:00000840 00002d80H .xdata$x                DATA
 0002:000035c0 00000064H .idata$2                DATA
 0002:00003624 00000014H .idata$3                DATA
 0002:00003638 000004e8H .idata$4                DATA
 0002:00003b20 00002c18H .idata$6                DATA
 0002:00006740 00000049H .edata                  DATA
 0003:00000000 00000004H .CRT$XCA                DATA
 0003:00000004 0000010cH .CRT$XCU                DATA
 0003:00000110 00000004H .CRT$XCZ                DATA
 0003:00000114 00000004H .CRT$XIA                DATA
 0003:00000118 00000004H .CRT$XIZ                DATA
 0003:00000120 000068e0H .data                   DATA
 0003:00006a00 00001504H .bss                    DATA

  Address         Publics by Value              Rva+Base     Lib:Object

 0001:000000a0       ?CAM_Init@@YAXXZ           100010a0 f   Camera.obj
 0001:000003f0       ?CAM_IsOn@@YAHXZ           100013f0 f   Camera.obj
 0001:00000400       ?ReadPos@@YAXAAVCCameraPos@@@Z 10001400 f   Camera.obj
 0001:000004c0       ?WritePos@@YAXAAVCCameraPos@@@Z 100014c0 f   Camera.obj
 0001:000005c0       ?SetSpeed@@YAXM@Z          100015c0 f   Camera.obj
 0001:00000640       ?CAM_Start@@YAXABVCTFileName@@@Z 10001640 f   Camera.obj
 0001:000007e0       ?CAM_Stop@@YAXXZ           100017e0 f   Camera.obj
 0001:00000800       ?CAM_Render@@YAXPAVCEntity@@PAVCDrawPort@@@Z 10001800 f   Camera.obj
 0001:000010a0       ??_H@YGXPAXIHP6EX0@Z@Z     100020a0 f i Camera.obj
 0001:000010d0       ??0CCompMessage@@QAE@XZ    100020d0 f   CompMessage.obj
 0001:00001180       ?Clear@CCompMessage@@QAEXXZ 10002180 f   CompMessage.obj
 0001:000011b0       ?SetMessage@CCompMessage@@QAEXPAVCCompMessageID@@@Z 100021b0 f   CompMessage.obj
 0001:000011f0       ?Load_t@CCompMessage@@QAEXXZ 100021f0 f   CompMessage.obj
 0001:00001440       ?Format@CCompMessage@@QAEXJ@Z 10002440 f   CompMessage.obj
 0001:00001580       ?PrepareMessage@CCompMessage@@QAEXJ@Z 10002580 f   CompMessage.obj
 0001:00001600       ?UnprepareMessage@CCompMessage@@QAEXXZ 10002600 f   CompMessage.obj
 0001:000016a0       ?MarkRead@CCompMessage@@QAEXXZ 100026a0 f   CompMessage.obj
 0001:000016b0       ?GetLine@CCompMessage@@QAE?AVCTString@@J@Z 100026b0 f   CompMessage.obj
 0001:000018e0       ?AddAttachment_t@@YAPAVCModelObject@@PAV1@JABVCTFileName@@J111@Z 100028e0 f   CompModels.obj
 0001:00001940       ?SetupCompModel_t@@YAXABVCTString@@@Z 10002940 f   CompModels.obj
 0001:00007960       ?RenderMessageModel@@YAXPAVCDrawPort@@ABVCTString@@@Z 10008960 f   CompModels.obj
 0001:000083f0       ?SyncScrollWithActive@@YAXXZ 100093f0 f   Computer.obj
 0001:00008420       ?LastUnreadMessage@@YAXXZ  10009420 f   Computer.obj
 0001:00008470       ?PrevMessage@@YAXXZ        10009470 f   Computer.obj
 0001:000084a0       ?NextMessage@@YAXXZ        100094a0 f   Computer.obj
 0001:000084d0       ?MessagesUpDn@@YAXJ@Z      100094d0 f   Computer.obj
 0001:00008530       ?SelectMessage@@YAXJ@Z     10009530 f   Computer.obj
 0001:00008570       ?MessageTextUp@@YAXJ@Z     10009570 f   Computer.obj
 0001:000085a0       ?MessageTextDn@@YAXJ@Z     100095a0 f   Computer.obj
 0001:00008610       ?MessageTextUpDn@@YAXJ@Z   10009610 f   Computer.obj
 0001:00008640       ?MarkCurrentRead@@YAXXZ    10009640 f   Computer.obj
 0001:000086b0       ?PrintButton@@YAXPAVCDrawPort@@J@Z 100096b0 f   Computer.obj
 0001:00008980       ?PrintTitle@@YAXPAVCDrawPort@@@Z 10009980 f   Computer.obj
 0001:00008a60       ?PrintExit@@YAXPAVCDrawPort@@@Z 10009a60 f   Computer.obj
 0001:00008b50       ?PrintMessageList@@YAXPAVCDrawPort@@@Z 10009b50 f   Computer.obj
 0001:00009190       ?PrintMessageText@@YAXPAVCDrawPort@@@Z 1000a190 f   Computer.obj
 0001:00009930       ?RenderMessagePicture@@YAXPAVCDrawPort@@@Z 1000a930 f   Computer.obj
 0001:00009c00       ?RenderMessageStats@@YAXPAVCDrawPort@@@Z 1000ac00 f   Computer.obj
 0001:00009c80       ?RenderMessageImage@@YAXPAVCDrawPort@@@Z 1000ac80 f   Computer.obj
 0001:00009d60       ?ComputerMouseMove@CGame@@UAEXJJ@Z 1000ad60 f   Computer.obj
 0001:00009f30       ?ComputerKeyDown@CGame@@UAEXUtagMSG@@@Z 1000af30 f   Computer.obj
 0001:0000a720       ?ComputerRender@CGame@@UAEXPAVCDrawPort@@@Z 1000b720 f   Computer.obj
 0001:0000bbf0       ?ComputerForceOff@CGame@@UAEXXZ 1000cbf0 f   Computer.obj
 0001:0000bc20       ??0?$CStaticStackArray@VCCompMessage@@@@QAE@XZ 1000cc20 f i Computer.obj
 0001:0000bc40       ??1?$CStaticStackArray@VCCompMessage@@@@QAE@XZ 1000cc40 f i Computer.obj
 0001:0000bc80       ?SetToNormalizedEmpty@?$AABBox@J$01@@QAEXXZ 1000cc80 f i Computer.obj
 0001:0000bca0       ??N?$AABBox@J$01@@QBEHABV0@@Z 1000cca0 f i Computer.obj
 0001:0000bcf0       ?Expand@?$CStaticArray@VCCompMessage@@@@QAEXJ@Z 1000ccf0 f i Computer.obj
 0001:0000bf30       ??_ECCompMessage@@QAEPAXI@Z 1000cf30 f i Computer.obj
 0001:0000bf90       ??1CCompMessage@@QAE@XZ    1000cf90 f i Computer.obj
 0001:0000c210       ?GetLineCountBackward@@YAHPBD0JAAVCTString@@@Z 1000d210 f   Console.obj
 0001:0000c2b0       ?ConsoleRender@CGame@@UAEXPAVCDrawPort@@@Z 1000d2b0 f   Console.obj
 0001:0000c830       ?ConsolePrintLastLines@CGame@@UAEXPAVCDrawPort@@@Z 1000d830 f   Console.obj
 0001:0000c970       ?DoCheat@@YAXABVCTString@@0@Z 1000d970 f   Console.obj
 0001:0000c9d0       ?strrnonsym@@YAPADPBD@Z    1000d9d0 f   Console.obj
 0001:0000ca20       ?ConsoleKeyDown@CGame@@UAEXUtagMSG@@@Z 1000da20 f   Console.obj
 0001:0000dac0       ?ConsoleChar@CGame@@UAEXUtagMSG@@@Z 1000eac0 f   Console.obj
 0001:0000db50       ??1?$CDynamicArrayIterator@VCShellSymbol@@@@QAE@XZ 1000eb50 f i Console.obj
 0001:0000db60       ??0CControls@@QAE@XZ       1000eb60 f   Controls.obj
 0001:0000db80       ??1CControls@@UAE@XZ       1000eb80 f   Controls.obj
 0001:0000dbc0       ??4CControls@@UAEAAV0@AAV0@@Z 1000ebc0 f   Controls.obj
 0001:0000dc70       ?SwitchAxesToDefaults@CControls@@UAEXXZ 1000ec70 f   Controls.obj
 0001:0000dcf0       ?SwitchToDefaults@CControls@@UAEXXZ 1000ecf0 f   Controls.obj
 0001:0000ddb0       ?CalculateInfluencesForAllAxis@CControls@@UAEXXZ 1000edb0 f   Controls.obj
 0001:0000de40       ?DIKForName@@YAJVCTString@@@Z 1000ee40 f   Controls.obj
 0001:0000df00       ?ReadTextLine@@YA?AVCTString@@AAVCTStream@@ABV1@H@Z 1000ef00 f   Controls.obj
 0001:0000e010       ?Load_t@CControls@@UAEXVCTFileName@@@Z 1000f010 f   Controls.obj
 0001:0000e6c0       ?Save_t@CControls@@UAEXVCTFileName@@@Z 1000f6c0 f   Controls.obj
 0001:0000ea40       ?UsesJoystick@CControls@@UAEHXZ 1000fa40 f   Controls.obj
 0001:0000ea80       ??_ECControls@@UAEPAXI@Z   1000fa80 f i Controls.obj
 0001:0000ea80       ??_GCControls@@UAEPAXI@Z   1000fa80 f i Controls.obj
 0001:0000eab0       ??1CButtonAction@@QAE@XZ   1000fab0 f i Controls.obj
 0001:0000eee0       _GAME_Create               1000fee0 f   Game.obj
 0001:0000f180       ?MaybeDiscardLastLines@@YAXXZ 10010180 f   Game.obj
 0001:0000f1a0       ??0CEnableUserBreak@@QAE@XZ 100101a0 f   Game.obj
 0001:0000f1c0       ??1CEnableUserBreak@@QAE@XZ 100101c0 f   Game.obj
 0001:0000f1d0       ??0CButtonAction@@QAE@XZ   100101d0 f   Game.obj
 0001:0000f250       ??4CButtonAction@@UAEAAV0@AAV0@@Z 10010250 f   Game.obj
 0001:0000f2d0       ?Read_t@CButtonAction@@UAEXAAVCTStream@@@Z 100102d0 f   Game.obj
 0001:0000f330       ?Write_t@CButtonAction@@UAEXAAVCTStream@@@Z 10010330 f   Game.obj
 0001:0000f390       ?DoButtonActions@CControls@@UAEXXZ 10010390 f   Game.obj
 0001:0000f450       ?GetAxisValue@CControls@@UAEMJ@Z 10010450 f   Game.obj
 0001:0000f530       ?CreateAction@CControls@@UAEXABVCPlayerCharacter@@AAVCPlayerAction@@H@Z 10010530 f   Game.obj
 0001:0000f5d0       ?AddButtonAction@CControls@@UAEAAVCButtonAction@@XZ 100105d0 f   Game.obj
 0001:0000f640       ?RemoveButtonAction@CControls@@UAEXAAVCButtonAction@@@Z 10010640 f   Game.obj
 0001:0000f670       ?DemoReportFragmentsProfile@CGame@@UAE?AVCTString@@J@Z 10010670 f   Game.obj
 0001:0000fcb0       ?DemoReportAnalyzedProfile@CGame@@UAE?AVCTString@@XZ 10010cb0 f   Game.obj
 0001:00010230       ?HandleTimer@CGameTimerHandler@@UAEXXZ 10011230 f   Game.obj
 0001:00010240       ?GameHandleTimer@CGame@@QAEXXZ 10011240 f   Game.obj
 0001:000104a0       ?InitInternal@CGame@@QAEXXZ 100114a0 f   Game.obj
 0001:00011f40       ?EndInternal@CGame@@QAEXXZ 10012f40 f   Game.obj
 0001:00012090       ?NewGame@CGame@@UAEHABVCTString@@ABVCTFileName@@AAVCSessionProperties@@@Z 10013090 f   Game.obj
 0001:00012330       ?JoinGame@CGame@@UAEHAAVCNetworkSession@@@Z 10013330 f   Game.obj
 0001:00012460       ?LoadGame@CGame@@UAEHABVCTFileName@@@Z 10013460 f   Game.obj
 0001:000125e0       ?StartDemoPlay@CGame@@UAEHABVCTFileName@@@Z 100135e0 f   Game.obj
 0001:00012860       ?StartDemoRec@CGame@@UAEHABVCTFileName@@@Z 10013860 f   Game.obj
 0001:000129b0       ?StopDemoRec@CGame@@UAEXXZ 100139b0 f   Game.obj
 0001:000129e0       ?SaveGame@CGame@@UAEHABVCTFileName@@@Z 100139e0 f   Game.obj
 0001:00012b50       ?StopGame@CGame@@UAEXXZ    10013b50 f   Game.obj
 0001:00012bb0       ?StartProviderFromName@CGame@@QAEHXZ 10013bb0 f   Game.obj
 0001:00012d50       ??0CHighScoreEntry@@QAE@XZ 10013d50 f   Game.obj
 0001:00012dd0       ?PackHighScoreTable@CGame@@QAEJXZ 10013dd0 f   Game.obj
 0001:00012e80       ?UnpackHighScoreTable@CGame@@QAEXJ@Z 10013e80 f   Game.obj
 0001:00013080       ?Load_t@CGame@@UAEXXZ      10014080 f   Game.obj
 0001:00013210       ?Save_t@CGame@@UAEXXZ      10014210 f   Game.obj
 0001:00013380       ?LoadControls@@YAXAAVCControls@@J@Z 10014380 f   Game.obj
 0001:00013460       ?LoadPlayer@@YAXAAVCPlayerCharacter@@J@Z 10014460 f   Game.obj
 0001:000135d0       ?LoadPlayersAndControls@CGame@@UAEXXZ 100145d0 f   Game.obj
 0001:00013620       ?SavePlayersAndControls@CGame@@UAEXXZ 10014620 f   Game.obj
 0001:00013c00       ?SetupLocalPlayers@CGame@@QAEXXZ 10014c00 f   Game.obj
 0001:00013c70       ?AddPlayers@CGame@@QAEHXZ  10014c70 f   Game.obj
 0001:00013de0       ?SaveThumbnail@CGame@@QAEXABVCTFileName@@@Z 10014de0 f   Game.obj
 0001:00013ec0       ?GameRedrawView@CGame@@UAEXPAVCDrawPort@@K@Z 10014ec0 f   Game.obj
 0001:00017540       ?RecordHighScore@CGame@@QAEXXZ 10018540 f   Game.obj
 0001:00017700       ?GetLivePlayersCount@CGame@@UAEJXZ 10018700 f   Game.obj
 0001:00017730       ?GetPlayersCount@CGame@@UAEJXZ 10018730 f   Game.obj
 0001:00017760       ?GetDefaultGameDescription@CGame@@UAE?AVCTString@@H@Z 10018760 f   Game.obj
 0001:00017900       ?qsort_CompareQuickSaves_FileUp@@YAHPBX0@Z 10018900 f   Game.obj
 0001:00017950       ?FixQuicksaveDir@@YAJABVCTFileName@@J@Z 10018950 f   Game.obj
 0001:00017d00       ?GetQuickSaveName@CGame@@QAE?AVCTFileName@@H@Z 10018d00 f   Game.obj
 0001:00017ec0       ?GameMainLoop@CGame@@UAEXXZ 10018ec0 f   Game.obj
 0001:000187c0       ?TiledTextureSE@@YAXAAV?$AABBox@J$01@@MAAV?$Vector@J$01@@0@Z 100197c0 f   Game.obj
 0001:000188c0       ?LCDInit@CGame@@UAEXXZ     100198c0 f   Game.obj
 0001:00018b00       ?LCDEnd@CGame@@UAEXXZ      10019b00 f   Game.obj
 0001:00018b10       ?LCDPrepare@CGame@@UAEXM@Z 10019b10 f   Game.obj
 0001:00018b60       ?LCDSetDrawport@CGame@@UAEXPAVCDrawPort@@@Z 10019b60 f   Game.obj
 0001:00018c20       ?LCDDrawBox@CGame@@UAEXJJAAV?$AABBox@J$01@@K@Z 10019c20 f   Game.obj
 0001:00018c40       ?LCDScreenBox@CGame@@UAEXK@Z 10019c40 f   Game.obj
 0001:00018c50       ?LCDScreenBoxOpenLeft@CGame@@UAEXK@Z 10019c50 f   Game.obj
 0001:00018c60       ?LCDScreenBoxOpenRight@CGame@@UAEXK@Z 10019c60 f   Game.obj
 0001:00018c70       ?LCDRenderClouds1@CGame@@UAEXXZ 10019c70 f   Game.obj
 0001:000192d0       ?LCDRenderCloudsForComp@CGame@@QAEXXZ 1001a2d0 f   Game.obj
 0001:00019410       ?LCDRenderClouds2@CGame@@UAEXXZ 1001a410 f   Game.obj
 0001:00019420       ?LCDRenderGrid@CGame@@UAEXXZ 1001a420 f   Game.obj
 0001:00019430       ?LCDRenderCompGrid@CGame@@QAEXXZ 1001a430 f   Game.obj
 0001:000194c0       ?LCDDrawPointer@CGame@@UAEXJJ@Z 1001a4c0 f   Game.obj
 0001:000195d0       ?LCDGetColor@CGame@@UAEKKPBD@Z 1001a5d0 f   Game.obj
 0001:00019960       ?LCDFadedColor@CGame@@UAEKK@Z 1001a960 f   Game.obj
 0001:00019980       ?LCDBlinkingColor@CGame@@UAEKKK@Z 1001a980 f   Game.obj
 0001:000199a0       ?MenuPreRenderMenu@CGame@@UAEXPBD@Z 1001a9a0 f   Game.obj
 0001:000199b0       ?MenuPostRenderMenu@CGame@@UAEXPBD@Z 1001a9b0 f   Game.obj
 0001:000199c0       ??1CHighScoreEntry@@QAE@XZ 1001a9c0 f i Game.obj
 0001:000199d0       ??_GCGameTimerHandler@@UAEPAXI@Z 1001a9d0 f i Game.obj
 0001:000199d0       ??_ECGameTimerHandler@@UAEPAXI@Z 1001a9d0 f i Game.obj
 0001:00019a00       ??1CGameTimerHandler@@UAE@XZ 1001aa00 f i Game.obj
 0001:00019a20       ??_GCTimerHandler@@UAEPAXI@Z 1001aa20 f i Game.obj
 0001:00019a20       ??_ECTimerHandler@@UAEPAXI@Z 1001aa20 f i Game.obj
 0001:00019a50       ??1CTimerHandler@@UAE@XZ   1001aa50 f i Game.obj
 0001:00019a70       ??1?$CDynamicStackArray@VCTFileName@@@@QAE@XZ 1001aa70 f i Game.obj
 0001:00019b30       ??0?$CStaticStackArray@J@@QAE@XZ 1001ab30 f i Game.obj
 0001:00019b50       ??1?$CStaticStackArray@J@@QAE@XZ 1001ab50 f i Game.obj
 0001:00019b80       ??0?$CStaticStackArray@M@@QAE@XZ 1001ab80 f i Game.obj
 0001:00019ba0       ??1?$CStaticStackArray@M@@QAE@XZ 1001aba0 f i Game.obj
 0001:00019bd0       ??0?$CDynamicArray@VCTFileName@@@@QAE@XZ 1001abd0 f i Game.obj
 0001:00019bf0       ?New@?$CStaticArray@J@@QAEXJ@Z 1001abf0 f i Game.obj
 0001:00019c20       ?New@?$CStaticArray@M@@QAEXJ@Z 1001ac20 f i Game.obj
 0001:00019d50       ?LCDInit@@YAXXZ            1001ad50 f   LCDDrawing.obj
 0001:00019e40       ?LCDEnd@@YAXXZ             1001ae40 f   LCDDrawing.obj
 0001:00019e70       ?LCDPrepare@@YAXM@Z        1001ae70 f   LCDDrawing.obj
 0001:00019eb0       ?LCDSetDrawport@@YAXPAVCDrawPort@@@Z 1001aeb0 f   LCDDrawing.obj
 0001:00019f30       ?TiledTexture@@YAXAAV?$AABBox@J$01@@MAAV?$Vector@J$01@@0@Z 1001af30 f   LCDDrawing.obj
 0001:0001a030       ?LCDDrawBox@@YAXJJAAV?$AABBox@J$01@@K@Z 1001b030 f   LCDDrawing.obj
 0001:0001a0e0       ?LCDScreenBoxOpenLeft@@YAXK@Z 1001b0e0 f   LCDDrawing.obj
 0001:0001a160       ?LCDScreenBoxOpenRight@@YAXK@Z 1001b160 f   LCDDrawing.obj
 0001:0001a1e0       ?LCDScreenBox@@YAXK@Z      1001b1e0 f   LCDDrawing.obj
 0001:0001a200       ?LCDRenderClouds1@@YAXXZ   1001b200 f   LCDDrawing.obj
 0001:0001a340       ?LCDRenderClouds2@@YAXXZ   1001b340 f   LCDDrawing.obj
 0001:0001a3c0       ?LCDRenderClouds2Light@@YAXXZ 1001b3c0 f   LCDDrawing.obj
 0001:0001a440       ?LCDRenderGrid@@YAXXZ      1001b440 f   LCDDrawing.obj
 0001:0001a4b0       ?LCDGetColor@@YAKKPBD@Z    1001b4b0 f   LCDDrawing.obj
 0001:0001a4c0       ?LCDFadedColor@@YAKK@Z     1001b4c0 f   LCDDrawing.obj
 0001:0001a4e0       ?LCDBlinkingColor@@YAKKK@Z 1001b4e0 f   LCDDrawing.obj
 0001:0001a520       ?LCDDrawPointer@@YAXJJ@Z   1001b520 f   LCDDrawing.obj
 0001:0001a620       ?RemapLevelNames@@YAXAAJ@Z 1001b620 f   LoadingHook.obj
 0001:0001a700       ?EnableLoadingHook@CGame@@UAEXPAVCDrawPort@@@Z 1001b700 f   LoadingHook.obj
 0001:0001ad00       ?DisableLoadingHook@CGame@@UAEXXZ 1001bd00 f   LoadingHook.obj
 0001:0001aec0       ?ObtainMapData@@YAHXZ      1001bec0 f   Map.obj
 0001:0001b340       ?ReleaseMapData@@YAXXZ     1001c340 f   Map.obj
 0001:0001b3f0       ?RenderMap@@YAXPAVCDrawPort@@KPAVCProgressHookInfo@@@Z 1001c3f0 f   Map.obj
 0001:0001bac0       ?SetSinglePlayerSession@CGame@@UAEXAAVCSessionProperties@@@Z 1001cac0 f   SessionProperties.obj
 0001:0001bd50       ?SetQuickStartSession@CGame@@UAEXAAVCSessionProperties@@@Z 1001cd50 f   SessionProperties.obj
 0001:0001bda0       ?SetMultiPlayerSession@CGame@@UAEXAAVCSessionProperties@@@Z 1001cda0 f   SessionProperties.obj
 0001:0001bf40       ?IsMenuEnabled@@YAHABVCTString@@@Z 1001cf40 f   SessionProperties.obj
 0001:0001bfb0       ?GetGameTypeName@@YA?AVCTString@@J@Z 1001cfb0 f   SessionProperties.obj
 0001:0001c040       ?GetCurrentGameTypeName@@YA?AVCTString@@XZ 1001d040 f   SessionProperties.obj
 0001:0001c070       ?GetGameSpyRulesInfo@@YA?AVCTString@@XZ 1001d070 f   SessionProperties.obj
 0001:0001c3b0       ?GetSpawnFlagsForGameType@@YAKJ@Z 1001d3b0 f   SessionProperties.obj
 0001:0001c3d0       ?Initialize@CGame@@UAEXABVCTFileName@@@Z 1001d3d0 f   WEDInterface.obj
 0001:0001c410       ?End@CGame@@UAEXXZ         1001d410 f   WEDInterface.obj
 0001:0001c420       ?UpdateInputEnabledState@@YAXPAVCViewPort@@@Z 1001d420 f   WEDInterface.obj
 0001:0001c480       ?UpdatePauseState@@YAXXZ   1001d480 f   WEDInterface.obj
 0001:0001c4d0       ?QuickTest@CGame@@UAEXABVCTFileName@@PAVCDrawPort@@PAVCViewPort@@@Z 1001d4d0 f   WEDInterface.obj
 0001:0001ca00       _GetKeyState@4             1001da00 f   user32:USER32.dll
 0001:0001ca06       _ShowCursor@4              1001da06 f   user32:USER32.dll
 0001:0001ca0c       _GetAsyncKeyState@4        1001da0c f   user32:USER32.dll
 0001:0001ca12       _ScreenToClient@8          1001da12 f   user32:USER32.dll
 0001:0001ca18       _GetCursorPos@4            1001da18 f   user32:USER32.dll
 0001:0001ca1e       _MapVirtualKeyA@8          1001da1e f   user32:USER32.dll
 0001:0001ca24       _DispatchMessageA@4        1001da24 f   user32:USER32.dll
 0001:0001ca2a       _TranslateMessage@4        1001da2a f   user32:USER32.dll
 0001:0001ca30       _PeekMessageA@20           1001da30 f   user32:USER32.dll
 0001:0001ca36       _RegisterWindowMessageA@4  1001da36 f   user32:USER32.dll
 0001:0001ca3c       ?Particles_AirElemental_Comp@@YAXPAVCModelObject@@MMVCPlacement3D@@@Z 1001da3c f   EntitiesMP:EntitiesMP.dll
 0001:0001ca42       ?Particles_Burning_Comp@@YAXPAVCModelObject@@MVCPlacement3D@@@Z 1001da42 f   EntitiesMP:EntitiesMP.dll
 0001:0001ca48       ?GetStats@CPlayer@@QAEXAAVCTString@@W4CompStatType@@J@Z 1001da48 f   EntitiesMP:EntitiesMP.dll
 0001:0001ca4e       ?ctl_ComposeActionPacket@@YAXABVCPlayerCharacter@@AAVCPlayerAction@@H@Z 1001da4e f   EntitiesMP:EntitiesMP.dll
 0001:0001ca54       ??0CTFileStream@@QAE@XZ    1001da54 f   Engine:Engine.dll
 0001:0001ca5a       ??1CTFileStream@@UAE@XZ    1001da5a f   Engine:Engine.dll
 0001:0001ca60       ??1CTString@@QAE@XZ        1001da60 f   Engine:Engine.dll
 0001:0001ca66       ?FreeMemory@@YAXPAX@Z      1001da66 f   Engine:Engine.dll
 0001:0001ca6c       ?DeclareSymbol@CShell@@QAEXABVCTString@@PAX@Z 1001da6c f   Engine:Engine.dll
 0001:0001ca72       ?StringDuplicate@@YAPADPBD@Z 1001da72 f   Engine:Engine.dll
 0001:0001ca78       ?CPrintF@@YAXPBDZZ         1001da78 f   Engine:Engine.dll
 0001:0001ca7e       ?ScanF@CTString@@QAAJPBDZZ 1001da7e f   Engine:Engine.dll
 0001:0001ca84       ?GetLine_t@CTStream@@QAEXAAVCTString@@D@Z 1001da84 f   Engine:Engine.dll
 0001:0001ca8a       ?PutLine_t@CTStream@@QAEXPBD@Z 1001da8a f   Engine:Engine.dll
 0001:0001ca90       ?PrintF@CTString@@QAAJPBDZZ 1001da90 f   Engine:Engine.dll
 0001:0001ca96       ?GetLerpedCurrentTick@CTimer@@QBE?BMXZ 1001da96 f   Engine:Engine.dll
 0001:0001ca9c       ?Execute@CShell@@QAEXABVCTString@@@Z 1001da9c f   Engine:Engine.dll
 0001:0001caa2       ??1CTFileName@@QAE@XZ      1001daa2 f   Engine:Engine.dll
 0001:0001caa8       ?Open_t@CTFileStream@@QAEXABVCTFileName@@W4OpenMode@CTStream@@@Z 1001daa8 f   Engine:Engine.dll
 0001:0001caae       ?Create_t@CTFileStream@@QAEXABVCTFileName@@W4CreateMode@CTStream@@@Z 1001daae f   Engine:Engine.dll
 0001:0001cab4       ??HCTString@@QBE?AV0@ABV0@@Z 1001dab4 f   Engine:Engine.dll
 0001:0001caba       ?NoExt@CTFileName@@QBE?AV1@XZ 1001daba f   Engine:Engine.dll
 0001:0001cac0       ?Close@CTFileStream@@QAEXXZ 1001dac0 f   Engine:Engine.dll
 0001:0001cac6       ?RenderView@@YAXAAVCWorld@@AAVCEntity@@AAVCAnyProjection3D@@AAVCDrawPort@@@Z 1001dac6 f   Engine:Engine.dll
 0001:0001cacc       ??4CProjection3D@@QAEAAV0@ABV0@@Z 1001dacc f   Engine:Engine.dll
 0001:0001cad2       ??0CProjection3D@@QAE@XZ   1001dad2 f   Engine:Engine.dll
 0001:0001cad8       ??0CPerspectiveProjection3D@@QAE@XZ 1001dad8 f   Engine:Engine.dll
 0001:0001cade       ?MakeRotationMatrixFast@@YAXAAV?$Matrix@M$02$02@@ABV?$Vector@M$02@@@Z 1001dade f   Engine:Engine.dll
 0001:0001cae4       ?CurrentTick@CTimer@@QBE?BMXZ 1001dae4 f   Engine:Engine.dll
 0001:0001caea       ?Translate@@YAPADPADJ@Z    1001daea f   Engine:Engine.dll
 0001:0001caf0       ?ReadUntilEOF_t@CTString@@QAEXAAVCTStream@@@Z 1001daf0 f   Engine:Engine.dll
 0001:0001caf6       ?ReadFromText_t@CTString@@QAEXAAVCTStream@@ABV1@@Z 1001daf6 f   Engine:Engine.dll
 0001:0001cafc       ?ReadFromText_t@CTFileName@@QAEXAAVCTStream@@ABVCTString@@@Z 1001dafc f   Engine:Engine.dll
 0001:0001cb02       ??8CTString@@QBEHPBD@Z     1001db02 f   Engine:Engine.dll
 0001:0001cb08       ?ExpectKeyword_t@CTStream@@QAEXABVCTString@@@Z 1001db08 f   Engine:Engine.dll
 0001:0001cb0e       ?AllocMemory@@YAPAXJ@Z     1001db0e f   Engine:Engine.dll
 0001:0001cb14       ??0CModelObject@@QAE@XZ    1001db14 f   Engine:Engine.dll
 0001:0001cb1a       ??1CModelObject@@QAE@XZ    1001db1a f   Engine:Engine.dll
 0001:0001cb20       ?SetData_t@CTextureObject@@QAEXABVCTFileName@@@Z 1001db20 f   Engine:Engine.dll
 0001:0001cb26       ?PlayAnim@CAnimObject@@QAEXJK@Z 1001db26 f   Engine:Engine.dll
 0001:0001cb2c       ?SetData_t@CModelObject@@QAEXABVCTFileName@@@Z 1001db2c f   Engine:Engine.dll
 0001:0001cb32       ?AddAttachmentModel@CModelObject@@QAEPAVCAttachmentModelObject@@J@Z 1001db32 f   Engine:Engine.dll
 0001:0001cb38       ?ThrowF_t@@YAXPADZZ        1001db38 f   Engine:Engine.dll
 0001:0001cb3e       ?StretchModelRelative@CModelObject@@QAEXABV?$Vector@M$02@@@Z 1001db3e f   Engine:Engine.dll
 0001:0001cb44       ?GetAttachmentModel@CModelObject@@QAEPAVCAttachmentModelObject@@J@Z 1001db44 f   Engine:Engine.dll
 0001:0001cb4a       ??0CPlacement3D@@QAE@ABV?$Vector@M$02@@0@Z 1001db4a f   Engine:Engine.dll
 0001:0001cb50       ??0CTFileName@@QAE@PBDH@Z  1001db50 f   Engine:Engine.dll
 0001:0001cb56       ?StretchModel@CModelObject@@QAEXABV?$Vector@M$02@@@Z 1001db56 f   Engine:Engine.dll
 0001:0001cb5c       ??1CRenderModel@@QAE@XZ    1001db5c f   Engine:Engine.dll
 0001:0001cb62       ?EndModelRenderingView@@YAXH@Z 1001db62 f   Engine:Engine.dll
 0001:0001cb68       ?Particle_EndSystem@@YAXH@Z 1001db68 f   Engine:Engine.dll
 0001:0001cb6e       ?Particle_PrepareEntity@@YAXMHHPAVCEntity@@@Z 1001db6e f   Engine:Engine.dll
 0001:0001cb74       ?Particle_PrepareSystem@@YAXPAVCDrawPort@@AAVCAnyProjection3D@@@Z 1001db74 f   Engine:Engine.dll
 0001:0001cb7a       ?RenderShadow@CModelObject@@QAEXAAVCRenderModel@@ABVCPlacement3D@@MMMABV?$Plane@M$02@@@Z 1001db7a f   Engine:Engine.dll
 0001:0001cb80       ?RenderModel@CModelObject@@QAEXAAVCRenderModel@@@Z 1001db80 f   Engine:Engine.dll
 0001:0001cb86       ?SetupModelRendering@CModelObject@@QAEXAAVCRenderModel@@@Z 1001db86 f   Engine:Engine.dll
 0001:0001cb8c       ?SetObjectPlacement@CRenderModel@@QAEXABVCPlacement3D@@@Z 1001db8c f   Engine:Engine.dll
 0001:0001cb92       ?BeginModelRenderingView@@YAXAAVCAnyProjection3D@@PAVCDrawPort@@@Z 1001db92 f   Engine:Engine.dll
 0001:0001cb98       ??4CPerspectiveProjection3D@@QAEAAV0@ABV0@@Z 1001db98 f   Engine:Engine.dll
 0001:0001cb9e       ?FillZBuffer@CDrawPort@@QBEXM@Z 1001db9e f   Engine:Engine.dll
 0001:0001cba4       ?Stereo_AdjustProjection@@YAXAAVCProjection3D@@JM@Z 1001dba4 f   Engine:Engine.dll
 0001:0001cbaa       ?Stereo_SetBuffer@@YAXJ@Z  1001dbaa f   Engine:Engine.dll
 0001:0001cbb0       ??0CRenderModel@@QAE@XZ    1001dbb0 f   Engine:Engine.dll
 0001:0001cbb6       ?Stereo_IsEnabled@@YAHXZ   1001dbb6 f   Engine:Engine.dll
 0001:0001cbbc       ??9CTString@@QBEHABV0@@Z   1001dbbc f   Engine:Engine.dll
 0001:0001cbc2       ??0CTextureObject@@QAE@XZ  1001dbc2 f   Engine:Engine.dll
 0001:0001cbc8       ??1CTextureObject@@QAE@XZ  1001dbc8 f   Engine:Engine.dll
 0001:0001cbce       ??1CDrawPort@@QAE@XZ       1001dbce f   Engine:Engine.dll
 0001:0001cbd4       ?Remove@CListNode@@QAEXXZ  1001dbd4 f   Engine:Engine.dll
 0001:0001cbda       ?Unlock@CDrawPort@@QAEXXZ  1001dbda f   Engine:Engine.dll
 0001:0001cbe0       ?PutTextR@CDrawPort@@QBEXABVCTString@@JJK@Z 1001dbe0 f   Engine:Engine.dll
 0001:0001cbe6       ?IsLinked@CListNode@@QBEHXZ 1001dbe6 f   Engine:Engine.dll
 0001:0001cbec       ?Lock@CDrawPort@@QAEHXZ    1001dbec f   Engine:Engine.dll
 0001:0001cbf2       ??0CDrawPort@@QAE@PAV0@ABV?$AABBox@J$01@@@Z 1001dbf2 f   Engine:Engine.dll
 0001:0001cbf8       ?SetFont@CDrawPort@@QAEXPAVCFontData@@@Z 1001dbf8 f   Engine:Engine.dll
 0001:0001cbfe       ?PutText@CDrawPort@@QBEXABVCTString@@JJK@Z 1001dbfe f   Engine:Engine.dll
 0001:0001cc04       ?GetPlayerName@CPlayerEntity@@QAE?AVCTString@@XZ 1001dc04 f   Engine:Engine.dll
 0001:0001cc0a       ?Fill@CDrawPort@@QBEXJJJJK@Z 1001dc0a f   Engine:Engine.dll
 0001:0001cc10       ?DrawLine@CDrawPort@@QBEXJJJJKK@Z 1001dc10 f   Engine:Engine.dll
 0001:0001cc16       ?LerpColor@@YAKKKM@Z       1001dc16 f   Engine:Engine.dll
 0001:0001cc1c       ?GetTextWidth@CDrawPort@@QBEKABVCTString@@@Z 1001dc1c f   Engine:Engine.dll
 0001:0001cc22       ??YCTString@@QAEAAV0@ABV0@@Z 1001dc22 f   Engine:Engine.dll
 0001:0001cc28       ?PutTexture@CDrawPort@@QBEXPAVCTextureObject@@ABV?$AABBox@J$01@@K@Z 1001dc28 f   Engine:Engine.dll
 0001:0001cc2e       ?GetHeight@CTextureObject@@QBEJXZ 1001dc2e f   Engine:Engine.dll
 0001:0001cc34       ?GetWidth@CTextureObject@@QBEJXZ 1001dc34 f   Engine:Engine.dll
 0001:0001cc3a       ?Force@CTextureData@@QAEXK@Z 1001dc3a f   Engine:Engine.dll
 0001:0001cc40       ?GetSessionProperties@CNetworkLibrary@@QAEPAXXZ 1001dc40 f   Engine:Engine.dll
 0001:0001cc46       ?ClearInput@CInput@@QAEXXZ 1001dc46 f   Engine:Engine.dll
 0001:0001cc4c       ?IsGameFinished@CNetworkLibrary@@QAEHXZ 1001dc4c f   Engine:Engine.dll
 0001:0001cc52       ?Fill@CDrawPort@@QBEXK@Z   1001dc52 f   Engine:Engine.dll
 0001:0001cc58       ?SetLerp@CTimer@@QAEXM@Z   1001dc58 f   Engine:Engine.dll
 0001:0001cc5e       ?SetCurrentTick@CTimer@@QAEXM@Z 1001dc5e f   Engine:Engine.dll
 0001:0001cc64       ?IsDualHead@CDisplayMode@@QAEHXZ 1001dc64 f   Engine:Engine.dll
 0001:0001cc6a       ?IsFullScreen@CDisplayMode@@QAEHXZ 1001dc6a f   Engine:Engine.dll
 0001:0001cc70       ??0CDisplayMode@@QAE@XZ    1001dc70 f   Engine:Engine.dll
 0001:0001cc76       ??0CDrawPort@@QAE@PAV0@H@Z 1001dc76 f   Engine:Engine.dll
 0001:0001cc7c       ?IsDualHead@CDrawPort@@QAEHXZ 1001dc7c f   Engine:Engine.dll
 0001:0001cc82       ?IsPlayerLocal@CNetworkLibrary@@QAEHPAVCEntity@@@Z 1001dc82 f   Engine:Engine.dll
 0001:0001cc88       ?IsPlayingDemo@CNetworkLibrary@@QAEHXZ 1001dc88 f   Engine:Engine.dll
 0001:0001cc8e       ??4CTString@@QAEAAV0@ABV0@@Z 1001dc8e f   Engine:Engine.dll
 0001:0001cc94       ?CON_GetLastLine@@YA?AVCTString@@J@Z 1001dc94 f   Engine:Engine.dll
 0001:0001cc9a       ?GetRealTimeTick@CTimer@@QBEMXZ 1001dc9a f   Engine:Engine.dll
 0001:0001cca0       ??0CDrawPort@@QAE@PAV0@NNNN@Z 1001dca0 f   Engine:Engine.dll
 0001:0001cca6       ?CON_DiscardLastLineTimes@@YAXXZ 1001dca6 f   Engine:Engine.dll
 0001:0001ccac       ?IsNetworkEnabled@CNetworkLibrary@@QAEHXZ 1001dcac f   Engine:Engine.dll
 0001:0001ccb2       ?CON_NumberOfLinesAfter@@YAJM@Z 1001dcb2 f   Engine:Engine.dll
 0001:0001ccb8       ?SetINDEX@CShell@@QAEXABVCTString@@J@Z 1001dcb8 f   Engine:Engine.dll
 0001:0001ccbe       ?GetINDEX@CShell@@QAEJABVCTString@@@Z 1001dcbe f   Engine:Engine.dll
 0001:0001ccc4       ?TrimLeft@CTString@@QAEJJ@Z 1001dcc4 f   Engine:Engine.dll
 0001:0001ccca       ?DeleteChar@CTString@@QAEXJ@Z 1001dcca f   Engine:Engine.dll
 0001:0001ccd0       ?TrimRight@CTString@@QAEJJ@Z 1001dcd0 f   Engine:Engine.dll
 0001:0001ccd6       ??9CTString@@QBEHPBD@Z     1001dcd6 f   Engine:Engine.dll
 0001:0001ccdc       ?SendChat@CNetworkLibrary@@QAEXKKABVCTString@@@Z 1001dcdc f   Engine:Engine.dll
 0001:0001cce2       ?RemovePrefix@CTString@@QAEHABV1@@Z 1001dce2 f   Engine:Engine.dll
 0001:0001cce8       ?HasPrefix@CTString@@QBEHABV1@@Z 1001dce8 f   Engine:Engine.dll
 0001:0001ccee       ?TrimSpacesRight@CTString@@QAEJXZ 1001dcee f   Engine:Engine.dll
 0001:0001ccf4       ?TrimSpacesLeft@CTString@@QAEJXZ 1001dcf4 f   Engine:Engine.dll
 0001:0001ccfa       ?GetCompletionString@CShellSymbol@@QBE?AVCTString@@XZ 1001dcfa f   Engine:Engine.dll
 0001:0001cd00       ?InsertChar@CTString@@QAEXJD@Z 1001dd00 f   Engine:Engine.dll
 0001:0001cd06       ?Clear@CListHead@@QAEXXZ   1001dd06 f   Engine:Engine.dll
 0001:0001cd0c       ??1CListNode@@QAE@XZ       1001dd0c f   Engine:Engine.dll
 0001:0001cd12       ??0CTString@@QAE@PBD@Z     1001dd12 f   Engine:Engine.dll
 0001:0001cd18       ??8CTString@@QBEHABV0@@Z   1001dd18 f   Engine:Engine.dll
 0001:0001cd1e       ?AtEOF@CTStream@@QAEHXZ    1001dd1e f   Engine:Engine.dll
 0001:0001cd24       ?GetLine_t@CTStream@@QAEXPADJD@Z 1001dd24 f   Engine:Engine.dll
 0001:0001cd2a       ?FPrintF_t@CTStream@@QAAXPBDZZ 1001dd2a f   Engine:Engine.dll
 0001:0001cd30       ??0CNetworkProvider@@QAE@XZ 1001dd30 f   Engine:Engine.dll
 0001:0001cd36       ??0CPlayerCharacter@@QAE@XZ 1001dd36 f   Engine:Engine.dll
 0001:0001cd3c       ??1CPlayerCharacter@@QAE@XZ 1001dd3c f   Engine:Engine.dll
 0001:0001cd42       ??0CTString@@QAE@XZ        1001dd42 f   Engine:Engine.dll
 0001:0001cd48       ??5@YAAAVCTStream@@AAV0@AAVCTString@@@Z 1001dd48 f   Engine:Engine.dll
 0001:0001cd4e       ??6@YAAAVCTStream@@AAV0@ABVCTString@@@Z 1001dd4e f   Engine:Engine.dll
 0001:0001cd54       ?AddTail@CListHead@@QAEXAAVCListNode@@@Z 1001dd54 f   Engine:Engine.dll
 0001:0001cd5a       ??H@YA?AVCTString@@PBDABV0@@Z 1001dd5a f   Engine:Engine.dll
 0001:0001cd60       ?SetAction@CPlayerSource@@QAEXABVCPlayerAction@@@Z 1001dd60 f   Engine:Engine.dll
 0001:0001cd66       ??0CPlayerAction@@QAE@XZ   1001dd66 f   Engine:Engine.dll
 0001:0001cd6c       ?GetLocalPause@CNetworkLibrary@@QAEHXZ 1001dd6c f   Engine:Engine.dll
 0001:0001cd72       ?IsPaused@CNetworkLibrary@@QAEHXZ 1001dd72 f   Engine:Engine.dll
 0001:0001cd78       ?GetInput@CInput@@QAEXH@Z  1001dd78 f   Engine:Engine.dll
 0001:0001cd7e       ?SetJoyPolling@CInput@@QAEXH@Z 1001dd7e f   Engine:Engine.dll
 0001:0001cd84       ?LoadKeepCRLF_t@CTString@@QAEXABVCTFileName@@@Z 1001dd84 f   Engine:Engine.dll
 0001:0001cd8a       ?FatalError@@YAXPBDZZ      1001dd8a f   Engine:Engine.dll
 0001:0001cd90       ?AddHandler@CTimer@@QAEXPAVCTimerHandler@@@Z 1001dd90 f   Engine:Engine.dll
 0001:0001cd96       ?Play_t@CSoundObject@@QAEXABVCTFileName@@J@Z 1001dd96 f   Engine:Engine.dll
 0001:0001cd9c       ??0CSoundObject@@QAE@XZ    1001dd9c f   Engine:Engine.dll
 0001:0001cda2       ?Stop@CSoundObject@@QAEXXZ 1001dda2 f   Engine:Engine.dll
 0001:0001cda8       ?CPutString@@YAXPBD@Z      1001dda8 f   Engine:Engine.dll
 0001:0001cdae       ?WarningMessage@@YAXPBDZZ  1001ddae f   Engine:Engine.dll
 0001:0001cdb4       ?SaveKeepCRLF_t@CTString@@QAEXABVCTFileName@@@Z 1001ddb4 f   Engine:Engine.dll
 0001:0001cdba       ??1CSoundObject@@QAE@XZ    1001ddba f   Engine:Engine.dll
 0001:0001cdc0       ?StorePersistentSymbols@CShell@@QAEXABVCTFileName@@@Z 1001ddc0 f   Engine:Engine.dll
 0001:0001cdc6       ?RemHandler@CTimer@@QAEXPAVCTimerHandler@@@Z 1001ddc6 f   Engine:Engine.dll
 0001:0001cdcc       ?StopProvider@CMessageDispatcher@@QAEXXZ 1001ddcc f   Engine:Engine.dll
 0001:0001cdd2       ?StopGame@CNetworkLibrary@@QAEXXZ 1001ddd2 f   Engine:Engine.dll
 0001:0001cdd8       ?StartPeerToPeer_t@CNetworkLibrary@@QAEXABVCTString@@ABVCTFileName@@KJHPAX@Z 1001ddd8 f   Engine:Engine.dll
 0001:0001cdde       ?StartDemoPlay_t@CNetworkLibrary@@QAEXABVCTFileName@@@Z 1001ddde f   Engine:Engine.dll
 0001:0001cde4       ?JoinSession_t@CNetworkLibrary@@QAEXABVCNetworkSession@@J@Z 1001dde4 f   Engine:Engine.dll
 0001:0001cdea       ?Matches@CTString@@QBEHPBD@Z 1001ddea f   Engine:Engine.dll
 0001:0001cdf0       ?Load_t@CNetworkLibrary@@QAEXABVCTFileName@@@Z 1001ddf0 f   Engine:Engine.dll
 0001:0001cdf6       ?FileExists@@YAHABVCTFileName@@@Z 1001ddf6 f   Engine:Engine.dll
 0001:0001cdfc       ?StartDemoRec_t@CNetworkLibrary@@QAEXABVCTFileName@@@Z 1001ddfc f   Engine:Engine.dll
 0001:0001ce02       ?StopDemoRec@CNetworkLibrary@@QAEXXZ 1001de02 f   Engine:Engine.dll
 0001:0001ce08       ?Save_t@CNetworkLibrary@@QAEXABVCTFileName@@@Z 1001de08 f   Engine:Engine.dll
 0001:0001ce0e       ?StartProvider_t@CMessageDispatcher@@QAEXABVCNetworkProvider@@@Z 1001de0e f   Engine:Engine.dll
 0001:0001ce14       ??4CListNode@@QAEAAV0@ABV0@@Z 1001de14 f   Engine:Engine.dll
 0001:0001ce1a       ?GetDescription@CNetworkProvider@@QBEABVCTString@@XZ 1001de1a f   Engine:Engine.dll
 0001:0001ce20       ?EnumNetworkProviders@CMessageDispatcher@@QAEXAAVCListHead@@@Z 1001de20 f   Engine:Engine.dll
 0001:0001ce26       ?GetID_t@CTStream@@QAE?AVCChunkID@@XZ 1001de26 f   Engine:Engine.dll
 0001:0001ce2c       ?ExpectID_t@CTStream@@QAEXABVCChunkID@@@Z 1001de2c f   Engine:Engine.dll
 0001:0001ce32       ?WriteID_t@CTStream@@QAEXABVCChunkID@@@Z 1001de32 f   Engine:Engine.dll
 0001:0001ce38       ??4CPlayerCharacter@@QAEAAV0@ABV0@@Z 1001de38 f   Engine:Engine.dll
 0001:0001ce3e       ??0CPlayerCharacter@@QAE@ABVCTString@@@Z 1001de3e f   Engine:Engine.dll
 0001:0001ce44       ?OnlyFirstLine@CTString@@QAEXXZ 1001de44 f   Engine:Engine.dll
 0001:0001ce4a       ?LoadStringVar@@YAXABVCTFileName@@AAVCTString@@@Z 1001de4a f   Engine:Engine.dll
 0001:0001ce50       ?Load_t@CPlayerCharacter@@QAEXABVCTFileName@@@Z 1001de50 f   Engine:Engine.dll
 0001:0001ce56       ?ChangeCharacter@CPlayerSource@@QAEXAAVCPlayerCharacter@@@Z 1001de56 f   Engine:Engine.dll
 0001:0001ce5c       ?Save_t@CPlayerCharacter@@QAEXABVCTFileName@@@Z 1001de5c f   Engine:Engine.dll
 0001:0001ce62       ?AddPlayer_t@CNetworkLibrary@@QAEPAVCPlayerSource@@AAVCPlayerCharacter@@@Z 1001de62 f   Engine:Engine.dll
 0001:0001ce68       ??_FCDrawPort@@QAEXXZ      1001de68 f   Engine:Engine.dll
 0001:0001ce6e       ?SaveTGA_t@CImageInfo@@QBEXABVCTFileName@@@Z 1001de6e f   Engine:Engine.dll
 0001:0001ce74       ?ExpandFilePath@@YAJKABVCTFileName@@AAV1@@Z 1001de74 f   Engine:Engine.dll
 0001:0001ce7a       ?UpdateSounds@CSoundLibrary@@QAEXXZ 1001de7a f   Engine:Engine.dll
 0001:0001ce80       ?IsDemoPlayFinished@CNetworkLibrary@@QAEHXZ 1001de80 f   Engine:Engine.dll
 0001:0001ce86       ?IsRecordingDemo@CNetworkLibrary@@QAEHXZ 1001de86 f   Engine:Engine.dll
 0001:0001ce8c       ?PutTextCXY@CDrawPort@@QBEXABVCTString@@JJK@Z 1001de8c f   Engine:Engine.dll
 0001:0001ce92       ?IsConnectionStable@CNetworkLibrary@@QAEHXZ 1001de92 f   Engine:Engine.dll
 0001:0001ce98       ?IsWaitingForServer@CNetworkLibrary@@QAEHXZ 1001de98 f   Engine:Engine.dll
 0001:0001ce9e       ?IsWaitingForPlayers@CNetworkLibrary@@QAEHXZ 1001de9e f   Engine:Engine.dll
 0001:0001cea4       ?WhyDisconnected@CNetworkLibrary@@QAEABVCTString@@XZ 1001dea4 f   Engine:Engine.dll
 0001:0001ceaa       ?IsDisconnected@CNetworkLibrary@@QAEHXZ 1001deaa f   Engine:Engine.dll
 0001:0001ceb0       ?GetPredictor@CEntity@@QAEPAV1@XZ 1001deb0 f   Engine:Engine.dll
 0001:0001ceb6       ?GetPlayerEntity@CEntity@@SAPAV1@J@Z 1001deb6 f   Engine:Engine.dll
 0001:0001cebc       ??1CTSingleLock@@QAE@XZ    1001debc f   Engine:Engine.dll
 0001:0001cec2       ?GetLocalPlayerEntity@CNetworkLibrary@@QAEPAVCEntity@@PAVCPlayerSource@@@Z 1001dec2 f   Engine:Engine.dll
 0001:0001cec8       ??0CTSingleLock@@QAE@PAVCTCriticalSection@@H@Z 1001dec8 f   Engine:Engine.dll
 0001:0001cece       ?SE_PretouchIfNeeded@@YAXXZ 1001dece f   Engine:Engine.dll
 0001:0001ced4       ??1CImageInfo@@QAE@XZ      1001ded4 f   Engine:Engine.dll
 0001:0001ceda       ??1CTextureData@@UAE@XZ    1001deda f   Engine:Engine.dll
 0001:0001cee0       ?Write_t@CTextureData@@UAEXPAVCTStream@@@Z 1001dee0 f   Engine:Engine.dll
 0001:0001cee6       ?Create_t@CTextureData@@QAEXPBVCImageInfo@@JJH@Z 1001dee6 f   Engine:Engine.dll
 0001:0001ceec       ?GrabScreen@CDrawPort@@QBEXAAVCImageInfo@@J@Z 1001deec f   Engine:Engine.dll
 0001:0001cef2       ??0CTextureData@@QAE@XZ    1001def2 f   Engine:Engine.dll
 0001:0001cef8       ??0CImageInfo@@QAE@XZ      1001def8 f   Engine:Engine.dll
 0001:0001cefe       ?FileExistsForWriting@@YAHABVCTFileName@@@Z 1001defe f   Engine:Engine.dll
 0001:0001cf04       ?FileName@CTFileName@@QBE?AV1@XZ 1001df04 f   Engine:Engine.dll
 0001:0001cf0a       ?Fill@CDrawPort@@QBEXJJJJKKKK@Z 1001df0a f   Engine:Engine.dll
 0001:0001cf10       ?STAT_Reset@@YAXXZ         1001df10 f   Engine:Engine.dll
 0001:0001cf16       ?STAT_Report@@YAXAAVCTString@@@Z 1001df16 f   Engine:Engine.dll
 0001:0001cf1c       ?DrawBorder@CDrawPort@@QBEXJJJJKK@Z 1001df1c f   Engine:Engine.dll
 0001:0001cf22       ?PutTextC@CDrawPort@@QBEXABVCTString@@JJK@Z 1001df22 f   Engine:Engine.dll
 0001:0001cf28       ?DepthString@CDisplayMode@@QBE?AVCTString@@XZ 1001df28 f   Engine:Engine.dll
 0001:0001cf2e       ??4CDrawPort@@QAEAAV0@ABV0@@Z 1001df2e f   Engine:Engine.dll
 0001:0001cf34       ?TranslateConst@@YAPBDPBDJ@Z 1001df34 f   Engine:Engine.dll
 0001:0001cf3a       ?GetName@CWorld@@QAEABVCTString@@XZ 1001df3a f   Engine:Engine.dll
 0001:0001cf40       ??4CTString@@QAEAAV0@PBD@Z 1001df40 f   Engine:Engine.dll
 0001:0001cf46       ?RemoveFile@@YAHABVCTFileName@@@Z 1001df46 f   Engine:Engine.dll
 0001:0001cf4c       ?Count@CListHead@@QBEJXZ   1001df4c f   Engine:Engine.dll
 0001:0001cf52       ?Sort@CListHead@@QAEXP6AHPBX0@ZH@Z 1001df52 f   Engine:Engine.dll
 0001:0001cf58       ??0CTFileName@@QAE@XZ      1001df58 f   Engine:Engine.dll
 0001:0001cf5e       ?MakeDirList@@YAXAAV?$CDynamicStackArray@VCTFileName@@@@ABVCTFileName@@ABVCTString@@K@Z 1001df5e f   Engine:Engine.dll
 0001:0001cf64       ??1CNetworkSession@@QAE@XZ 1001df64 f   Engine:Engine.dll
 0001:0001cf6a       ?MainLoop@CNetworkLibrary@@QAEXXZ 1001df6a f   Engine:Engine.dll
 0001:0001cf70       ?Report@CProfileForm@@QAEXAAVCTString@@@Z 1001df70 f   Engine:Engine.dll
 0001:0001cf76       ?Reset@CProfileForm@@QAEXXZ 1001df76 f   Engine:Engine.dll
 0001:0001cf7c       ??0CNetworkSession@@QAE@ABVCTString@@@Z 1001df7c f   Engine:Engine.dll
 0001:0001cf82       ?SaveStringVar@@YAXABVCTFileName@@AAVCTString@@@Z 1001df82 f   Engine:Engine.dll
 0001:0001cf88       ?PutTexture@CDrawPort@@QBEXPAVCTextureObject@@ABV?$AABBox@J$01@@1K@Z 1001df88 f   Engine:Engine.dll
 0001:0001cf8e       ?SetData@CAnimObject@@QAEXPAVCAnimData@@@Z 1001df8e f   Engine:Engine.dll
 0001:0001cf94       ?MulColors@@YAKKK@Z        1001df94 f   Engine:Engine.dll
 0001:0001cf9a       ?SetProgressHook@@YAXP6AXPAVCProgressHookInfo@@@Z@Z 1001df9a f   Engine:Engine.dll
 0001:0001cfa0       ??0CTString@@QAA@JPBDZZ    1001dfa0 f   Engine:Engine.dll
 0001:0001cfa6       ?SwapBuffers@CViewPort@@QAEXXZ 1001dfa6 f   Engine:Engine.dll
 0001:0001cfac       ?EnableInput@CInput@@QAEXPAVCViewPort@@@Z 1001dfac f   Engine:Engine.dll
 0001:0001cfb2       ?DisableInput@CInput@@QAEXXZ 1001dfb2 f   Engine:Engine.dll
 0001:0001cfb8       ?SetLocalPause@CNetworkLibrary@@QAEXH@Z 1001dfb8 f   Engine:Engine.dll
 0001:0001cfbe       ?TogglePause@CNetworkLibrary@@QAEXXZ 1001dfbe f   Engine:Engine.dll
 0001:0001cfc4       __onexit                   1001dfc4 f   MSVCRT:atonexit.obj
 0001:0001cff0       _atexit                    1001dff0 f   MSVCRT:atonexit.obj
 0001:0001d002       ___CxxFrameHandler         1001e002 f   MSVCRT:MSVCRT.dll
 0001:0001d010       ??0type_info@@AAE@ABV0@@Z  1001e010 f   MSVCRT:ti_inst.obj
 0001:0001d01b       ??_Etype_info@@UAEPAXI@Z   1001e01b f i MSVCRT:ti_inst.obj
 0001:0001d01b       ??_Gtype_info@@UAEPAXI@Z   1001e01b f i MSVCRT:ti_inst.obj
 0001:0001d037       ??4type_info@@AAEAAV0@ABV0@@Z 1001e037 f   MSVCRT:ti_inst.obj
 0001:0001d03c       __CxxThrowException@8      1001e03c f   MSVCRT:MSVCRT.dll
 0001:0001d042       _strncmp                   1001e042 f   MSVCRT:MSVCRT.dll
 0001:0001d048       _strchr                    1001e048 f   MSVCRT:MSVCRT.dll
 0001:0001d04e       __ftol                     1001e04e f   MSVCRT:MSVCRT.dll
 0001:0001d054       ??3@YAXPAX@Z               1001e054 f   MSVCRT:MSVCRT.dll
 0001:0001d05a       ??_M@YGXPAXIHP6EX0@Z@Z     1001e05a f   MSVCRT:ehvecdtr.obj
 0001:0001d0da       ?__ArrayUnwind@@YGXPAXIHP6EX0@Z@Z 1001e0da f   MSVCRT:ehvecdtr.obj
 0001:0001d14e       _floor                     1001e14e f   MSVCRT:MSVCRT.dll
 0001:0001d154       ??_L@YGXPAXIHP6EX0@Z1@Z    1001e154 f   MSVCRT:ehvecctr.obj
 0001:0001d1d6       ??2@YAPAXI@Z               1001e1d6 f   MSVCRT:MSVCRT.dll
 0001:0001d1dc       _strncpy                   1001e1dc f   MSVCRT:MSVCRT.dll
 0001:0001d1e2       _isalnum                   1001e1e2 f   MSVCRT:MSVCRT.dll
 0001:0001d1e8       _isprint                   1001e1e8 f   MSVCRT:MSVCRT.dll
 0001:0001d1ee       __CIpow                    1001e1ee f   MSVCRT:MSVCRT.dll
 0001:0001d1f4       _sscanf                    1001e1f4 f   MSVCRT:MSVCRT.dll
 0001:0001d200       __chkstk                   1001e200 f   MSVCRT:chkstk.obj
 0001:0001d200       __alloca_probe             1001e200 f   MSVCRT:chkstk.obj
 0001:0001d230       __purecall                 1001e230 f   MSVCRT:MSVCRT.dll
 0001:0001d236       __mkdir                    1001e236 f   MSVCRT:MSVCRT.dll
 0001:0001d23c       _localtime                 1001e23c f   MSVCRT:MSVCRT.dll
 0001:0001d242       _time                      1001e242 f   MSVCRT:MSVCRT.dll
 0001:0001d248       _strftime                  1001e248 f   MSVCRT:MSVCRT.dll
 0001:0001d24e       _setlocale                 1001e24e f   MSVCRT:MSVCRT.dll
 0001:0001d254       _fgets                     1001e254 f   MSVCRT:MSVCRT.dll
 0001:0001d25a       _fopen                     1001e25a f   MSVCRT:MSVCRT.dll
 0001:0001d260       _getenv                    1001e260 f   MSVCRT:MSVCRT.dll
 0001:0001d266       __CRT_INIT@12              1001e266 f   MSVCRT:crtdll.obj
 0001:0001d311       __DllMainCRTStartup@12     1001e311 f   MSVCRT:crtdll.obj
 0001:0001d3ae       ___dllonexit               1001e3ae f   MSVCRT:MSVCRT.dll
 0001:0001d3b4       ??1type_info@@UAE@XZ       1001e3b4 f   MSVCRT:MSVCRT.dll
 0001:0001d3ba       __except_handler3          1001e3ba f   MSVCRT:MSVCRT.dll
 0001:0001d3c0       ?terminate@@YAXXZ          1001e3c0 f   MSVCRT:MSVCRT.dll
 0001:0001d3c6       _free                      1001e3c6 f   MSVCRT:MSVCRT.dll
 0001:0001d3cc       __initterm                 1001e3cc f   MSVCRT:MSVCRT.dll
 0001:0001d3d2       _malloc                    1001e3d2 f   MSVCRT:MSVCRT.dll
 0001:0001d3d8       _DllMain@12                1001e3d8 f   MSVCRT:dllmain.obj
 0001:0001d400       _DisableThreadLibraryCalls@4 1001e400 f   kernel32:KERNEL32.dll
 0001:0001d406       __strnicmp                 1001e406 f   MSVCRT:MSVCRT.dll
 0001:0001d40c       __stricmp                  1001e40c f   MSVCRT:MSVCRT.dll
 0001:0001d412       __strupr                   1001e412 f   MSVCRT:MSVCRT.dll
 0002:00000000       __imp_??0CPlayerCharacter@@QAE@XZ 10021000     Engine:Engine.dll
 0002:00000004       __imp_?TogglePause@CNetworkLibrary@@QAEXXZ 10021004     Engine:Engine.dll
 0002:00000008       __imp_?_wrpWorldRenderPrefs@@3VCWorldRenderPrefs@@A 10021008     Engine:Engine.dll
 0002:0000000c       __imp_?SetLocalPause@CNetworkLibrary@@QAEXH@Z 1002100c     Engine:Engine.dll
 0002:00000010       __imp_?DisableInput@CInput@@QAEXXZ 10021010     Engine:Engine.dll
 0002:00000014       __imp_?EnableInput@CInput@@QAEXPAVCViewPort@@@Z 10021014     Engine:Engine.dll
 0002:00000018       __imp_?SwapBuffers@CViewPort@@QAEXXZ 10021018     Engine:Engine.dll
 0002:0000001c       __imp_??0CTString@@QAA@JPBDZZ 1002101c     Engine:Engine.dll
 0002:00000020       __imp_?SetProgressHook@@YAXP6AXPAVCProgressHookInfo@@@Z@Z 10021020     Engine:Engine.dll
 0002:00000024       __imp_?MulColors@@YAKKK@Z  10021024     Engine:Engine.dll
 0002:00000028       __imp_?SetData@CAnimObject@@QAEXPAVCAnimData@@@Z 10021028     Engine:Engine.dll
 0002:0000002c       __imp_?PutTexture@CDrawPort@@QBEXPAVCTextureObject@@ABV?$AABBox@J$01@@1K@Z 1002102c     Engine:Engine.dll
 0002:00000030       __imp_?SaveStringVar@@YAXABVCTFileName@@AAVCTString@@@Z 10021030     Engine:Engine.dll
 0002:00000034       __imp_??0CNetworkSession@@QAE@ABVCTString@@@Z 10021034     Engine:Engine.dll
 0002:00000038       __imp_?_pfRenderProfile@@3AAVCProfileForm@@A 10021038     Engine:Engine.dll
 0002:0000003c       __imp_?Reset@CProfileForm@@QAEXXZ 1002103c     Engine:Engine.dll
 0002:00000040       __imp_?_pfGfxProfile@@3AAVCProfileForm@@A 10021040     Engine:Engine.dll
 0002:00000044       __imp_?_pfModelProfile@@3AAVCProfileForm@@A 10021044     Engine:Engine.dll
 0002:00000048       __imp_?_pfSoundProfile@@3AAVCProfileForm@@A 10021048     Engine:Engine.dll
 0002:0000004c       __imp_?_pfNetworkProfile@@3AAVCProfileForm@@A 1002104c     Engine:Engine.dll
 0002:00000050       __imp_?_pfPhysicsProfile@@3AAVCProfileForm@@A 10021050     Engine:Engine.dll
 0002:00000054       __imp_?Report@CProfileForm@@QAEXAAVCTString@@@Z 10021054     Engine:Engine.dll
 0002:00000058       __imp_?MainLoop@CNetworkLibrary@@QAEXXZ 10021058     Engine:Engine.dll
 0002:0000005c       __imp_??0CTFileStream@@QAE@XZ 1002105c     Engine:Engine.dll
 0002:00000060       __imp_??1CTFileStream@@UAE@XZ 10021060     Engine:Engine.dll
 0002:00000064       __imp_??1CTString@@QAE@XZ  10021064     Engine:Engine.dll
 0002:00000068       __imp_?FreeMemory@@YAXPAX@Z 10021068     Engine:Engine.dll
 0002:0000006c       __imp_?DeclareSymbol@CShell@@QAEXABVCTString@@PAX@Z 1002106c     Engine:Engine.dll
 0002:00000070       __imp_?_pShell@@3PAVCShell@@A 10021070     Engine:Engine.dll
 0002:00000074       __imp_?StringDuplicate@@YAPADPBD@Z 10021074     Engine:Engine.dll
 0002:00000078       __imp_?CPrintF@@YAXPBDZZ   10021078     Engine:Engine.dll
 0002:0000007c       __imp_?ScanF@CTString@@QAAJPBDZZ 1002107c     Engine:Engine.dll
 0002:00000080       __imp_?GetLine_t@CTStream@@QAEXAAVCTString@@D@Z 10021080     Engine:Engine.dll
 0002:00000084       __imp_?PutLine_t@CTStream@@QAEXPBD@Z 10021084     Engine:Engine.dll
 0002:00000088       __imp_?PrintF@CTString@@QAAJPBDZZ 10021088     Engine:Engine.dll
 0002:0000008c       __imp_?GetLerpedCurrentTick@CTimer@@QBE?BMXZ 1002108c     Engine:Engine.dll
 0002:00000090       __imp_?_pTimer@@3PAVCTimer@@A 10021090     Engine:Engine.dll
 0002:00000094       __imp_?Execute@CShell@@QAEXABVCTString@@@Z 10021094     Engine:Engine.dll
 0002:00000098       __imp_??1CTFileName@@QAE@XZ 10021098     Engine:Engine.dll
 0002:0000009c       __imp_?Open_t@CTFileStream@@QAEXABVCTFileName@@W4OpenMode@CTStream@@@Z 1002109c     Engine:Engine.dll
 0002:000000a0       __imp_?Create_t@CTFileStream@@QAEXABVCTFileName@@W4CreateMode@CTStream@@@Z 100210a0     Engine:Engine.dll
 0002:000000a4       __imp_??HCTString@@QBE?AV0@ABV0@@Z 100210a4     Engine:Engine.dll
 0002:000000a8       __imp_?NoExt@CTFileName@@QBE?AV1@XZ 100210a8     Engine:Engine.dll
 0002:000000ac       __imp_?Close@CTFileStream@@QAEXXZ 100210ac     Engine:Engine.dll
 0002:000000b0       __imp_?RenderView@@YAXAAVCWorld@@AAVCEntity@@AAVCAnyProjection3D@@AAVCDrawPort@@@Z 100210b0     Engine:Engine.dll
 0002:000000b4       __imp_??4CProjection3D@@QAEAAV0@ABV0@@Z 100210b4     Engine:Engine.dll
 0002:000000b8       __imp_??_7CParallelProjection3D@@6B@ 100210b8     Engine:Engine.dll
 0002:000000bc       __imp_??_7CIsometricProjection3D@@6B@ 100210bc     Engine:Engine.dll
 0002:000000c0       __imp_??_7CSimpleProjection3D@@6B@ 100210c0     Engine:Engine.dll
 0002:000000c4       __imp_??0CProjection3D@@QAE@XZ 100210c4     Engine:Engine.dll
 0002:000000c8       __imp_??0CPerspectiveProjection3D@@QAE@XZ 100210c8     Engine:Engine.dll
 0002:000000cc       __imp_?_pInput@@3PAVCInput@@A 100210cc     Engine:Engine.dll
 0002:000000d0       __imp_?MakeRotationMatrixFast@@YAXAAV?$Matrix@M$02$02@@ABV?$Vector@M$02@@@Z 100210d0     Engine:Engine.dll
 0002:000000d4       __imp_?CurrentTick@CTimer@@QBE?BMXZ 100210d4     Engine:Engine.dll
 0002:000000d8       __imp_?Translate@@YAPADPADJ@Z 100210d8     Engine:Engine.dll
 0002:000000dc       __imp_?ReadUntilEOF_t@CTString@@QAEXAAVCTStream@@@Z 100210dc     Engine:Engine.dll
 0002:000000e0       __imp_?ReadFromText_t@CTString@@QAEXAAVCTStream@@ABV1@@Z 100210e0     Engine:Engine.dll
 0002:000000e4       __imp_?ReadFromText_t@CTFileName@@QAEXAAVCTStream@@ABVCTString@@@Z 100210e4     Engine:Engine.dll
 0002:000000e8       __imp_??8CTString@@QBEHPBD@Z 100210e8     Engine:Engine.dll
 0002:000000ec       __imp_?ExpectKeyword_t@CTStream@@QAEXABVCTString@@@Z 100210ec     Engine:Engine.dll
 0002:000000f0       __imp_?AllocMemory@@YAPAXJ@Z 100210f0     Engine:Engine.dll
 0002:000000f4       __imp_??0CModelObject@@QAE@XZ 100210f4     Engine:Engine.dll
 0002:000000f8       __imp_??1CModelObject@@QAE@XZ 100210f8     Engine:Engine.dll
 0002:000000fc       __imp_?SetData_t@CTextureObject@@QAEXABVCTFileName@@@Z 100210fc     Engine:Engine.dll
 0002:00000100       __imp_?PlayAnim@CAnimObject@@QAEXJK@Z 10021100     Engine:Engine.dll
 0002:00000104       __imp_?SetData_t@CModelObject@@QAEXABVCTFileName@@@Z 10021104     Engine:Engine.dll
 0002:00000108       __imp_?AddAttachmentModel@CModelObject@@QAEPAVCAttachmentModelObject@@J@Z 10021108     Engine:Engine.dll
 0002:0000010c       __imp_?ThrowF_t@@YAXPADZZ  1002110c     Engine:Engine.dll
 0002:00000110       __imp_?StretchModelRelative@CModelObject@@QAEXABV?$Vector@M$02@@@Z 10021110     Engine:Engine.dll
 0002:00000114       __imp_?GetAttachmentModel@CModelObject@@QAEPAVCAttachmentModelObject@@J@Z 10021114     Engine:Engine.dll
 0002:00000118       __imp_??0CPlacement3D@@QAE@ABV?$Vector@M$02@@0@Z 10021118     Engine:Engine.dll
 0002:0000011c       __imp_??0CTFileName@@QAE@PBDH@Z 1002111c     Engine:Engine.dll
 0002:00000120       __imp_?StretchModel@CModelObject@@QAEXABV?$Vector@M$02@@@Z 10021120     Engine:Engine.dll
 0002:00000124       __imp_??1CRenderModel@@QAE@XZ 10021124     Engine:Engine.dll
 0002:00000128       __imp_?EndModelRenderingView@@YAXH@Z 10021128     Engine:Engine.dll
 0002:0000012c       __imp_?Particle_EndSystem@@YAXH@Z 1002112c     Engine:Engine.dll
 0002:00000130       __imp_?Particle_PrepareEntity@@YAXMHHPAVCEntity@@@Z 10021130     Engine:Engine.dll
 0002:00000134       __imp_?Particle_PrepareSystem@@YAXPAVCDrawPort@@AAVCAnyProjection3D@@@Z 10021134     Engine:Engine.dll
 0002:00000138       __imp_?RenderShadow@CModelObject@@QAEXAAVCRenderModel@@ABVCPlacement3D@@MMMABV?$Plane@M$02@@@Z 10021138     Engine:Engine.dll
 0002:0000013c       __imp_?RenderModel@CModelObject@@QAEXAAVCRenderModel@@@Z 1002113c     Engine:Engine.dll
 0002:00000140       __imp_?SetupModelRendering@CModelObject@@QAEXAAVCRenderModel@@@Z 10021140     Engine:Engine.dll
 0002:00000144       __imp_?SetObjectPlacement@CRenderModel@@QAEXABVCPlacement3D@@@Z 10021144     Engine:Engine.dll
 0002:00000148       __imp_?BeginModelRenderingView@@YAXAAVCAnyProjection3D@@PAVCDrawPort@@@Z 10021148     Engine:Engine.dll
 0002:0000014c       __imp_??4CPerspectiveProjection3D@@QAEAAV0@ABV0@@Z 1002114c     Engine:Engine.dll
 0002:00000150       __imp_?FillZBuffer@CDrawPort@@QBEXM@Z 10021150     Engine:Engine.dll
 0002:00000154       __imp_?Stereo_AdjustProjection@@YAXAAVCProjection3D@@JM@Z 10021154     Engine:Engine.dll
 0002:00000158       __imp_?Stereo_SetBuffer@@YAXJ@Z 10021158     Engine:Engine.dll
 0002:0000015c       __imp_??0CRenderModel@@QAE@XZ 1002115c     Engine:Engine.dll
 0002:00000160       __imp_?Stereo_IsEnabled@@YAHXZ 10021160     Engine:Engine.dll
 0002:00000164       __imp_??9CTString@@QBEHABV0@@Z 10021164     Engine:Engine.dll
 0002:00000168       __imp_??0CTextureObject@@QAE@XZ 10021168     Engine:Engine.dll
 0002:0000016c       __imp_??1CTextureObject@@QAE@XZ 1002116c     Engine:Engine.dll
 0002:00000170       __imp_??1CDrawPort@@QAE@XZ 10021170     Engine:Engine.dll
 0002:00000174       __imp_?Remove@CListNode@@QAEXXZ 10021174     Engine:Engine.dll
 0002:00000178       __imp_?Unlock@CDrawPort@@QAEXXZ 10021178     Engine:Engine.dll
 0002:0000017c       __imp_?PutTextR@CDrawPort@@QBEXABVCTString@@JJK@Z 1002117c     Engine:Engine.dll
 0002:00000180       __imp_?IsLinked@CListNode@@QBEHXZ 10021180     Engine:Engine.dll
 0002:00000184       __imp_?Lock@CDrawPort@@QAEHXZ 10021184     Engine:Engine.dll
 0002:00000188       __imp_??0CDrawPort@@QAE@PAV0@ABV?$AABBox@J$01@@@Z 10021188     Engine:Engine.dll
 0002:0000018c       __imp_?SetFont@CDrawPort@@QAEXPAVCFontData@@@Z 1002118c     Engine:Engine.dll
 0002:00000190       __imp_?_pfdDisplayFont@@3PAVCFontData@@A 10021190     Engine:Engine.dll
 0002:00000194       __imp_?PutText@CDrawPort@@QBEXABVCTString@@JJK@Z 10021194     Engine:Engine.dll
 0002:00000198       __imp_?GetPlayerName@CPlayerEntity@@QAE?AVCTString@@XZ 10021198     Engine:Engine.dll
 0002:0000019c       __imp_?Fill@CDrawPort@@QBEXJJJJK@Z 1002119c     Engine:Engine.dll
 0002:000001a0       __imp_?_pfdConsoleFont@@3PAVCFontData@@A 100211a0     Engine:Engine.dll
 0002:000001a4       __imp_?DrawLine@CDrawPort@@QBEXJJJJKK@Z 100211a4     Engine:Engine.dll
 0002:000001a8       __imp_?LerpColor@@YAKKKM@Z 100211a8     Engine:Engine.dll
 0002:000001ac       __imp_?GetTextWidth@CDrawPort@@QBEKABVCTString@@@Z 100211ac     Engine:Engine.dll
 0002:000001b0       __imp_??YCTString@@QAEAAV0@ABV0@@Z 100211b0     Engine:Engine.dll
 0002:000001b4       __imp_?PutTexture@CDrawPort@@QBEXPAVCTextureObject@@ABV?$AABBox@J$01@@K@Z 100211b4     Engine:Engine.dll
 0002:000001b8       __imp_?GetHeight@CTextureObject@@QBEJXZ 100211b8     Engine:Engine.dll
 0002:000001bc       __imp_?GetWidth@CTextureObject@@QBEJXZ 100211bc     Engine:Engine.dll
 0002:000001c0       __imp_?Force@CTextureData@@QAEXK@Z 100211c0     Engine:Engine.dll
 0002:000001c4       __imp_?GetSessionProperties@CNetworkLibrary@@QAEPAXXZ 100211c4     Engine:Engine.dll
 0002:000001c8       __imp_?_pNetwork@@3PAVCNetworkLibrary@@A 100211c8     Engine:Engine.dll
 0002:000001cc       __imp_?ClearInput@CInput@@QAEXXZ 100211cc     Engine:Engine.dll
 0002:000001d0       __imp_?IsGameFinished@CNetworkLibrary@@QAEHXZ 100211d0     Engine:Engine.dll
 0002:000001d4       __imp_?Fill@CDrawPort@@QBEXK@Z 100211d4     Engine:Engine.dll
 0002:000001d8       __imp_?SetLerp@CTimer@@QAEXM@Z 100211d8     Engine:Engine.dll
 0002:000001dc       __imp_?SetCurrentTick@CTimer@@QAEXM@Z 100211dc     Engine:Engine.dll
 0002:000001e0       __imp_?TickQuantum@CTimer@@2MB 100211e0     Engine:Engine.dll
 0002:000001e4       __imp_?IsDualHead@CDisplayMode@@QAEHXZ 100211e4     Engine:Engine.dll
 0002:000001e8       __imp_?IsFullScreen@CDisplayMode@@QAEHXZ 100211e8     Engine:Engine.dll
 0002:000001ec       __imp_?_pGfx@@3PAVCGfxLibrary@@A 100211ec     Engine:Engine.dll
 0002:000001f0       __imp_??0CDisplayMode@@QAE@XZ 100211f0     Engine:Engine.dll
 0002:000001f4       __imp_??0CDrawPort@@QAE@PAV0@H@Z 100211f4     Engine:Engine.dll
 0002:000001f8       __imp_?IsDualHead@CDrawPort@@QAEHXZ 100211f8     Engine:Engine.dll
 0002:000001fc       __imp_?IsPlayerLocal@CNetworkLibrary@@QAEHPAVCEntity@@@Z 100211fc     Engine:Engine.dll
 0002:00000200       __imp_?IsPlayingDemo@CNetworkLibrary@@QAEHXZ 10021200     Engine:Engine.dll
 0002:00000204       __imp_??4CTString@@QAEAAV0@ABV0@@Z 10021204     Engine:Engine.dll
 0002:00000208       __imp_?CON_GetLastLine@@YA?AVCTString@@J@Z 10021208     Engine:Engine.dll
 0002:0000020c       __imp_?GetRealTimeTick@CTimer@@QBEMXZ 1002120c     Engine:Engine.dll
 0002:00000210       __imp_??0CDrawPort@@QAE@PAV0@NNNN@Z 10021210     Engine:Engine.dll
 0002:00000214       __imp_?CON_DiscardLastLineTimes@@YAXXZ 10021214     Engine:Engine.dll
 0002:00000218       __imp_?IsNetworkEnabled@CNetworkLibrary@@QAEHXZ 10021218     Engine:Engine.dll
 0002:0000021c       __imp_?CON_NumberOfLinesAfter@@YAJM@Z 1002121c     Engine:Engine.dll
 0002:00000220       __imp_?SetINDEX@CShell@@QAEXABVCTString@@J@Z 10021220     Engine:Engine.dll
 0002:00000224       __imp_?GetINDEX@CShell@@QAEJABVCTString@@@Z 10021224     Engine:Engine.dll
 0002:00000228       __imp_?TrimLeft@CTString@@QAEJJ@Z 10021228     Engine:Engine.dll
 0002:0000022c       __imp_?DeleteChar@CTString@@QAEXJ@Z 1002122c     Engine:Engine.dll
 0002:00000230       __imp_?TrimRight@CTString@@QAEJJ@Z 10021230     Engine:Engine.dll
 0002:00000234       __imp_??9CTString@@QBEHPBD@Z 10021234     Engine:Engine.dll
 0002:00000238       __imp_?SendChat@CNetworkLibrary@@QAEXKKABVCTString@@@Z 10021238     Engine:Engine.dll
 0002:0000023c       __imp_?RemovePrefix@CTString@@QAEHABV1@@Z 1002123c     Engine:Engine.dll
 0002:00000240       __imp_?HasPrefix@CTString@@QBEHABV1@@Z 10021240     Engine:Engine.dll
 0002:00000244       __imp_?TrimSpacesRight@CTString@@QAEJXZ 10021244     Engine:Engine.dll
 0002:00000248       __imp_?TrimSpacesLeft@CTString@@QAEJXZ 10021248     Engine:Engine.dll
 0002:0000024c       __imp_?GetCompletionString@CShellSymbol@@QBE?AVCTString@@XZ 1002124c     Engine:Engine.dll
 0002:00000250       __imp_?InsertChar@CTString@@QAEXJD@Z 10021250     Engine:Engine.dll
 0002:00000254       __imp_?Clear@CListHead@@QAEXXZ 10021254     Engine:Engine.dll
 0002:00000258       __imp_??1CListNode@@QAE@XZ 10021258     Engine:Engine.dll
 0002:0000025c       __imp_??0CTString@@QAE@PBD@Z 1002125c     Engine:Engine.dll
 0002:00000260       __imp_??8CTString@@QBEHABV0@@Z 10021260     Engine:Engine.dll
 0002:00000264       __imp_?AtEOF@CTStream@@QAEHXZ 10021264     Engine:Engine.dll
 0002:00000268       __imp_?GetLine_t@CTStream@@QAEXPADJD@Z 10021268     Engine:Engine.dll
 0002:0000026c       __imp_?FPrintF_t@CTStream@@QAAXPBDZZ 1002126c     Engine:Engine.dll
 0002:00000270       __imp_??0CNetworkProvider@@QAE@XZ 10021270     Engine:Engine.dll
 0002:00000274       __imp_??1CNetworkSession@@QAE@XZ 10021274     Engine:Engine.dll
 0002:00000278       __imp_??1CPlayerCharacter@@QAE@XZ 10021278     Engine:Engine.dll
 0002:0000027c       __imp_??0CTString@@QAE@XZ  1002127c     Engine:Engine.dll
 0002:00000280       __imp_??5@YAAAVCTStream@@AAV0@AAVCTString@@@Z 10021280     Engine:Engine.dll
 0002:00000284       __imp_??6@YAAAVCTStream@@AAV0@ABVCTString@@@Z 10021284     Engine:Engine.dll
 0002:00000288       __imp_?AddTail@CListHead@@QAEXAAVCListNode@@@Z 10021288     Engine:Engine.dll
 0002:0000028c       __imp_??H@YA?AVCTString@@PBDABV0@@Z 1002128c     Engine:Engine.dll
 0002:00000290       __imp_?SetAction@CPlayerSource@@QAEXABVCPlayerAction@@@Z 10021290     Engine:Engine.dll
 0002:00000294       __imp_??0CPlayerAction@@QAE@XZ 10021294     Engine:Engine.dll
 0002:00000298       __imp_?GetLocalPause@CNetworkLibrary@@QAEHXZ 10021298     Engine:Engine.dll
 0002:0000029c       __imp_?IsPaused@CNetworkLibrary@@QAEHXZ 1002129c     Engine:Engine.dll
 0002:000002a0       __imp_?GetInput@CInput@@QAEXH@Z 100212a0     Engine:Engine.dll
 0002:000002a4       __imp_?SetJoyPolling@CInput@@QAEXH@Z 100212a4     Engine:Engine.dll
 0002:000002a8       __imp_?_strModURL@@3VCTString@@A 100212a8     Engine:Engine.dll
 0002:000002ac       __imp_?LoadKeepCRLF_t@CTString@@QAEXABVCTFileName@@@Z 100212ac     Engine:Engine.dll
 0002:000002b0       __imp_?FatalError@@YAXPBDZZ 100212b0     Engine:Engine.dll
 0002:000002b4       __imp_?_bDedicatedServer@@3HA 100212b4     Engine:Engine.dll
 0002:000002b8       __imp_?AddHandler@CTimer@@QAEXPAVCTimerHandler@@@Z 100212b8     Engine:Engine.dll
 0002:000002bc       __imp_?Play_t@CSoundObject@@QAEXABVCTFileName@@J@Z 100212bc     Engine:Engine.dll
 0002:000002c0       __imp_??0CSoundObject@@QAE@XZ 100212c0     Engine:Engine.dll
 0002:000002c4       __imp_?Stop@CSoundObject@@QAEXXZ 100212c4     Engine:Engine.dll
 0002:000002c8       __imp_?CPutString@@YAXPBD@Z 100212c8     Engine:Engine.dll
 0002:000002cc       __imp_?WarningMessage@@YAXPBDZZ 100212cc     Engine:Engine.dll
 0002:000002d0       __imp_?SaveKeepCRLF_t@CTString@@QAEXABVCTFileName@@@Z 100212d0     Engine:Engine.dll
 0002:000002d4       __imp_??1CSoundObject@@QAE@XZ 100212d4     Engine:Engine.dll
 0002:000002d8       __imp_?StorePersistentSymbols@CShell@@QAEXABVCTFileName@@@Z 100212d8     Engine:Engine.dll
 0002:000002dc       __imp_?RemHandler@CTimer@@QAEXPAVCTimerHandler@@@Z 100212dc     Engine:Engine.dll
 0002:000002e0       __imp_?StopProvider@CMessageDispatcher@@QAEXXZ 100212e0     Engine:Engine.dll
 0002:000002e4       __imp_?StopGame@CNetworkLibrary@@QAEXXZ 100212e4     Engine:Engine.dll
 0002:000002e8       __imp_?StartPeerToPeer_t@CNetworkLibrary@@QAEXABVCTString@@ABVCTFileName@@KJHPAX@Z 100212e8     Engine:Engine.dll
 0002:000002ec       __imp_?StartDemoPlay_t@CNetworkLibrary@@QAEXABVCTFileName@@@Z 100212ec     Engine:Engine.dll
 0002:000002f0       __imp_?JoinSession_t@CNetworkLibrary@@QAEXABVCNetworkSession@@J@Z 100212f0     Engine:Engine.dll
 0002:000002f4       __imp_?Matches@CTString@@QBEHPBD@Z 100212f4     Engine:Engine.dll
 0002:000002f8       __imp_?Load_t@CNetworkLibrary@@QAEXABVCTFileName@@@Z 100212f8     Engine:Engine.dll
 0002:000002fc       __imp_?FileExists@@YAHABVCTFileName@@@Z 100212fc     Engine:Engine.dll
 0002:00000300       __imp_?StartDemoRec_t@CNetworkLibrary@@QAEXABVCTFileName@@@Z 10021300     Engine:Engine.dll
 0002:00000304       __imp_?StopDemoRec@CNetworkLibrary@@QAEXXZ 10021304     Engine:Engine.dll
 0002:00000308       __imp_?Save_t@CNetworkLibrary@@QAEXABVCTFileName@@@Z 10021308     Engine:Engine.dll
 0002:0000030c       __imp_?StartProvider_t@CMessageDispatcher@@QAEXABVCNetworkProvider@@@Z 1002130c     Engine:Engine.dll
 0002:00000310       __imp_??4CListNode@@QAEAAV0@ABV0@@Z 10021310     Engine:Engine.dll
 0002:00000314       __imp_?GetDescription@CNetworkProvider@@QBEABVCTString@@XZ 10021314     Engine:Engine.dll
 0002:00000318       __imp_?EnumNetworkProviders@CMessageDispatcher@@QAEXAAVCListHead@@@Z 10021318     Engine:Engine.dll
 0002:0000031c       __imp_?GetID_t@CTStream@@QAE?AVCChunkID@@XZ 1002131c     Engine:Engine.dll
 0002:00000320       __imp_?ExpectID_t@CTStream@@QAEXABVCChunkID@@@Z 10021320     Engine:Engine.dll
 0002:00000324       __imp_?WriteID_t@CTStream@@QAEXABVCChunkID@@@Z 10021324     Engine:Engine.dll
 0002:00000328       __imp_??4CPlayerCharacter@@QAEAAV0@ABV0@@Z 10021328     Engine:Engine.dll
 0002:0000032c       __imp_??0CPlayerCharacter@@QAE@ABVCTString@@@Z 1002132c     Engine:Engine.dll
 0002:00000330       __imp_?OnlyFirstLine@CTString@@QAEXXZ 10021330     Engine:Engine.dll
 0002:00000334       __imp_?LoadStringVar@@YAXABVCTFileName@@AAVCTString@@@Z 10021334     Engine:Engine.dll
 0002:00000338       __imp_?Load_t@CPlayerCharacter@@QAEXABVCTFileName@@@Z 10021338     Engine:Engine.dll
 0002:0000033c       __imp_?ChangeCharacter@CPlayerSource@@QAEXAAVCPlayerCharacter@@@Z 1002133c     Engine:Engine.dll
 0002:00000340       __imp_?Save_t@CPlayerCharacter@@QAEXABVCTFileName@@@Z 10021340     Engine:Engine.dll
 0002:00000344       __imp_?AddPlayer_t@CNetworkLibrary@@QAEPAVCPlayerSource@@AAVCPlayerCharacter@@@Z 10021344     Engine:Engine.dll
 0002:00000348       __imp_??_FCDrawPort@@QAEXXZ 10021348     Engine:Engine.dll
 0002:0000034c       __imp_?SaveTGA_t@CImageInfo@@QBEXABVCTFileName@@@Z 1002134c     Engine:Engine.dll
 0002:00000350       __imp_?ExpandFilePath@@YAJKABVCTFileName@@AAV1@@Z 10021350     Engine:Engine.dll
 0002:00000354       __imp_?UpdateSounds@CSoundLibrary@@QAEXXZ 10021354     Engine:Engine.dll
 0002:00000358       __imp_?_pSound@@3PAVCSoundLibrary@@A 10021358     Engine:Engine.dll
 0002:0000035c       __imp_?IsDemoPlayFinished@CNetworkLibrary@@QAEHXZ 1002135c     Engine:Engine.dll
 0002:00000360       __imp_?IsRecordingDemo@CNetworkLibrary@@QAEHXZ 10021360     Engine:Engine.dll
 0002:00000364       __imp_?PutTextCXY@CDrawPort@@QBEXABVCTString@@JJK@Z 10021364     Engine:Engine.dll
 0002:00000368       __imp_?IsConnectionStable@CNetworkLibrary@@QAEHXZ 10021368     Engine:Engine.dll
 0002:0000036c       __imp_?IsWaitingForServer@CNetworkLibrary@@QAEHXZ 1002136c     Engine:Engine.dll
 0002:00000370       __imp_?IsWaitingForPlayers@CNetworkLibrary@@QAEHXZ 10021370     Engine:Engine.dll
 0002:00000374       __imp_?WhyDisconnected@CNetworkLibrary@@QAEABVCTString@@XZ 10021374     Engine:Engine.dll
 0002:00000378       __imp_?IsDisconnected@CNetworkLibrary@@QAEHXZ 10021378     Engine:Engine.dll
 0002:0000037c       __imp_?GetPredictor@CEntity@@QAEPAV1@XZ 1002137c     Engine:Engine.dll
 0002:00000380       __imp_?GetPlayerEntity@CEntity@@SAPAV1@J@Z 10021380     Engine:Engine.dll
 0002:00000384       __imp_??1CTSingleLock@@QAE@XZ 10021384     Engine:Engine.dll
 0002:00000388       __imp_?GetLocalPlayerEntity@CNetworkLibrary@@QAEPAVCEntity@@PAVCPlayerSource@@@Z 10021388     Engine:Engine.dll
 0002:0000038c       __imp_??0CTSingleLock@@QAE@PAVCTCriticalSection@@H@Z 1002138c     Engine:Engine.dll
 0002:00000390       __imp_?SE_PretouchIfNeeded@@YAXXZ 10021390     Engine:Engine.dll
 0002:00000394       __imp_??1CImageInfo@@QAE@XZ 10021394     Engine:Engine.dll
 0002:00000398       __imp_??1CTextureData@@UAE@XZ 10021398     Engine:Engine.dll
 0002:0000039c       __imp_?Write_t@CTextureData@@UAEXPAVCTStream@@@Z 1002139c     Engine:Engine.dll
 0002:000003a0       __imp_?Create_t@CTextureData@@QAEXPBVCImageInfo@@JJH@Z 100213a0     Engine:Engine.dll
 0002:000003a4       __imp_?GrabScreen@CDrawPort@@QBEXAAVCImageInfo@@J@Z 100213a4     Engine:Engine.dll
 0002:000003a8       __imp_??0CTextureData@@QAE@XZ 100213a8     Engine:Engine.dll
 0002:000003ac       __imp_??0CImageInfo@@QAE@XZ 100213ac     Engine:Engine.dll
 0002:000003b0       __imp_?FileExistsForWriting@@YAHABVCTFileName@@@Z 100213b0     Engine:Engine.dll
 0002:000003b4       __imp_?FileName@CTFileName@@QBE?AV1@XZ 100213b4     Engine:Engine.dll
 0002:000003b8       __imp_?Fill@CDrawPort@@QBEXJJJJKKKK@Z 100213b8     Engine:Engine.dll
 0002:000003bc       __imp_?STAT_Reset@@YAXXZ   100213bc     Engine:Engine.dll
 0002:000003c0       __imp_?STAT_Report@@YAXAAVCTString@@@Z 100213c0     Engine:Engine.dll
 0002:000003c4       __imp_?DrawBorder@CDrawPort@@QBEXJJJJKK@Z 100213c4     Engine:Engine.dll
 0002:000003c8       __imp_?PutTextC@CDrawPort@@QBEXABVCTString@@JJK@Z 100213c8     Engine:Engine.dll
 0002:000003cc       __imp_?DepthString@CDisplayMode@@QBE?AVCTString@@XZ 100213cc     Engine:Engine.dll
 0002:000003d0       __imp_??4CDrawPort@@QAEAAV0@ABV0@@Z 100213d0     Engine:Engine.dll
 0002:000003d4       __imp_?TranslateConst@@YAPBDPBDJ@Z 100213d4     Engine:Engine.dll
 0002:000003d8       __imp_?GetName@CWorld@@QAEABVCTString@@XZ 100213d8     Engine:Engine.dll
 0002:000003dc       __imp_??4CTString@@QAEAAV0@PBD@Z 100213dc     Engine:Engine.dll
 0002:000003e0       __imp_?RemoveFile@@YAHABVCTFileName@@@Z 100213e0     Engine:Engine.dll
 0002:000003e4       __imp_?Count@CListHead@@QBEJXZ 100213e4     Engine:Engine.dll
 0002:000003e8       __imp_?Sort@CListHead@@QAEXP6AHPBX0@ZH@Z 100213e8     Engine:Engine.dll
 0002:000003ec       __imp_??0CTFileName@@QAE@XZ 100213ec     Engine:Engine.dll
 0002:000003f0       __imp_?MakeDirList@@YAXAAV?$CDynamicStackArray@VCTFileName@@@@ABVCTFileName@@ABVCTString@@K@Z 100213f0     Engine:Engine.dll
 0002:000003f4       \177Engine_NULL_THUNK_DATA 100213f4     Engine:Engine.dll
 0002:000003f8       __imp_?plr_iHiScore@@3JA   100213f8     EntitiesMP:EntitiesMP.dll
 0002:000003fc       __imp_?ctl_slPlayerControlsSize@@3JB 100213fc     EntitiesMP:EntitiesMP.dll
 0002:00000400       __imp_?ctl_pvPlayerControls@@3PAXA 10021400     EntitiesMP:EntitiesMP.dll
 0002:00000404       __imp_?ctl_ComposeActionPacket@@YAXABVCPlayerCharacter@@AAVCPlayerAction@@H@Z 10021404     EntitiesMP:EntitiesMP.dll
 0002:00000408       __imp_?cmp_bInitialStart@@3HA 10021408     EntitiesMP:EntitiesMP.dll
 0002:0000040c       __imp_?cmp_bUpdateInBackground@@3HA 1002140c     EntitiesMP:EntitiesMP.dll
 0002:00000410       __imp_?cmp_ppenPlayer@@3PAVCPlayer@@A 10021410     EntitiesMP:EntitiesMP.dll
 0002:00000414       __imp_?cmp_ppenDHPlayer@@3PAVCPlayer@@A 10021414     EntitiesMP:EntitiesMP.dll
 0002:00000418       __imp_?GetStats@CPlayer@@QAEXAAVCTString@@W4CompStatType@@J@Z 10021418     EntitiesMP:EntitiesMP.dll
 0002:0000041c       __imp_?Particles_Burning_Comp@@YAXPAVCModelObject@@MVCPlacement3D@@@Z 1002141c     EntitiesMP:EntitiesMP.dll
 0002:00000420       __imp_?Particles_AirElemental_Comp@@YAXPAVCModelObject@@MMVCPlacement3D@@@Z 10021420     EntitiesMP:EntitiesMP.dll
 0002:00000424       \177EntitiesMP_NULL_THUNK_DATA 10021424     EntitiesMP:EntitiesMP.dll
 0002:00000428       __imp__DisableThreadLibraryCalls@4 10021428     kernel32:KERNEL32.dll
 0002:0000042c       \177KERNEL32_NULL_THUNK_DATA 1002142c     kernel32:KERNEL32.dll
 0002:00000430       __imp__malloc              10021430     MSVCRT:MSVCRT.dll
 0002:00000434       __imp___adjust_fdiv        10021434     MSVCRT:MSVCRT.dll
 0002:00000438       __imp___initterm           10021438     MSVCRT:MSVCRT.dll
 0002:0000043c       __imp__free                1002143c     MSVCRT:MSVCRT.dll
 0002:00000440       __imp_?terminate@@YAXXZ    10021440     MSVCRT:MSVCRT.dll
 0002:00000444       __imp__strnicmp            10021444     MSVCRT:MSVCRT.dll
 0002:00000444       __imp___strnicmp           10021444     MSVCRT:MSVCRT.dll
 0002:00000448       __imp___stricmp            10021448     MSVCRT:MSVCRT.dll
 0002:00000448       __imp__stricmp             10021448     MSVCRT:MSVCRT.dll
 0002:0000044c       __imp__strupr              1002144c     MSVCRT:MSVCRT.dll
 0002:0000044c       __imp___strupr             1002144c     MSVCRT:MSVCRT.dll
 0002:00000450       __imp____CxxFrameHandler   10021450     MSVCRT:MSVCRT.dll
 0002:00000454       __imp___CxxThrowException@8 10021454     MSVCRT:MSVCRT.dll
 0002:00000458       __imp__strncmp             10021458     MSVCRT:MSVCRT.dll
 0002:0000045c       __imp__strchr              1002145c     MSVCRT:MSVCRT.dll
 0002:00000460       __imp___ftol               10021460     MSVCRT:MSVCRT.dll
 0002:00000464       __imp_??3@YAXPAX@Z         10021464     MSVCRT:MSVCRT.dll
 0002:00000468       __imp__floor               10021468     MSVCRT:MSVCRT.dll
 0002:0000046c       __imp_??2@YAPAXI@Z         1002146c     MSVCRT:MSVCRT.dll
 0002:00000470       __imp__strncpy             10021470     MSVCRT:MSVCRT.dll
 0002:00000474       __imp__isalnum             10021474     MSVCRT:MSVCRT.dll
 0002:00000478       __imp__isprint             10021478     MSVCRT:MSVCRT.dll
 0002:0000047c       __imp___CIpow              1002147c     MSVCRT:MSVCRT.dll
 0002:00000480       __imp__sscanf              10021480     MSVCRT:MSVCRT.dll
 0002:00000484       __imp___purecall           10021484     MSVCRT:MSVCRT.dll
 0002:00000488       __imp___mkdir              10021488     MSVCRT:MSVCRT.dll
 0002:0000048c       __imp__localtime           1002148c     MSVCRT:MSVCRT.dll
 0002:00000490       __imp__time                10021490     MSVCRT:MSVCRT.dll
 0002:00000494       __imp__strftime            10021494     MSVCRT:MSVCRT.dll
 0002:00000498       __imp__setlocale           10021498     MSVCRT:MSVCRT.dll
 0002:0000049c       __imp__fgets               1002149c     MSVCRT:MSVCRT.dll
 0002:000004a0       __imp__fopen               100214a0     MSVCRT:MSVCRT.dll
 0002:000004a4       __imp__getenv              100214a4     MSVCRT:MSVCRT.dll
 0002:000004a8       __imp____dllonexit         100214a8     MSVCRT:MSVCRT.dll
 0002:000004ac       __imp___onexit             100214ac     MSVCRT:MSVCRT.dll
 0002:000004b0       __imp_??1type_info@@UAE@XZ 100214b0     MSVCRT:MSVCRT.dll
 0002:000004b4       __imp___except_handler3    100214b4     MSVCRT:MSVCRT.dll
 0002:000004b8       \177MSVCRT_NULL_THUNK_DATA 100214b8     MSVCRT:MSVCRT.dll
 0002:000004bc       __imp__RegisterWindowMessageA@4 100214bc     user32:USER32.dll
 0002:000004c0       __imp__PeekMessageA@20     100214c0     user32:USER32.dll
 0002:000004c4       __imp__TranslateMessage@4  100214c4     user32:USER32.dll
 0002:000004c8       __imp__DispatchMessageA@4  100214c8     user32:USER32.dll
 0002:000004cc       __imp__MapVirtualKeyA@8    100214cc     user32:USER32.dll
 0002:000004d0       __imp__GetCursorPos@4      100214d0     user32:USER32.dll
 0002:000004d4       __imp__ScreenToClient@8    100214d4     user32:USER32.dll
 0002:000004d8       __imp__GetAsyncKeyState@4  100214d8     user32:USER32.dll
 0002:000004dc       __imp__ShowCursor@4        100214dc     user32:USER32.dll
 0002:000004e0       __imp__GetKeyState@4       100214e0     user32:USER32.dll
 0002:000004e4       \177USER32_NULL_THUNK_DATA 100214e4     user32:USER32.dll
 0002:0000050c       __real@4@00000000000000000000 1002150c     Camera.obj
 0002:00000510       __real@4@3fff8000000000000000 10021510     Camera.obj
 0002:00000514       __real@4@4002a000000000000000 10021514     Camera.obj
 0002:00000518       __real@4@3ffe8000000000000000 10021518     Camera.obj
 0002:0000051c       __real@4@3ffdaaaaaaaaaaaaa800 1002151c     CompModels.obj
 0002:00000520       __real@4@4001a000000000000000 10021520     CompModels.obj
 0002:00000528       __real@8@4002a000000000000000 10021528     CompModels.obj
 0002:00000530       __real@8@3ffefd7720f353a4c000 10021530     CompModels.obj
 0002:00000538       __real@8@3fff8000000000000000 10021538     CompModels.obj
 0002:00000540       __real@8@3ff8a3d70a3d70a3d800 10021540     CompModels.obj
 0002:0000054c       __real@4@4003a000000000000000 1002154c     Computer.obj
 0002:00000550       __real@4@3ffefd70a40000000000 10021550     Computer.obj
 0002:00000554       __real@4@3ff68888888888888800 10021554     Computer.obj
 0002:0000055c       __real@4@bfffaa9fbe0000000000 1002155c     Console.obj
 0002:00000560       __real@4@3ff8a3d70a0000000000 10021560     Console.obj
 0002:00000564       __real@4@3fffcccccd0000000000 10021564     Console.obj
 0002:00000568       __real@4@3ffbcccccd0000000000 10021568     Console.obj
 0002:0000056c       ??_7CControls@@6B@         1002156c     Controls.obj
 0002:000005a0       __real@8@40008000000000000000 100215a0     Controls.obj
 0002:000005a8       __real@8@3ffcccccccccccccd000 100215a8     Controls.obj
 0002:000005b0       __real@8@4004c800000000000000 100215b0     Controls.obj
 0002:000005b8       __real@8@3fff9999999999999800 100215b8     Controls.obj
 0002:000005c0       ??_7CGame@@6B@             100215c0     Game.obj
 0002:00000690       ??_7CGameTimerHandler@@6B@ 10021690     Game.obj
 0002:00000698       ??_7CTimerHandler@@6B@     10021698     Game.obj
 0002:000006a0       ??_7CButtonAction@@6B@     100216a0     Game.obj
 0002:000006ac       __real@4@3ff8a3d70a3d70a3d800 100216ac     Game.obj
 0002:000006b0       __real@8@00000000000000000000 100216b0     Game.obj
 0002:000006b8       __real@4@3ff58000000000000000 100216b8     Game.obj
 0002:000006bc       __real@4@3ffd8000000000000000 100216bc     Game.obj
 0002:000006c0       __real@4@40018000000000000000 100216c0     Game.obj
 0002:000006c4       __real@4@3ffdcccccd0000000000 100216c4     Game.obj
 0002:000006c8       __real@8@4000c000000000000000 100216c8     Game.obj
 0002:000006d0       __real@4@4008fa00000000000000 100216d0     Game.obj
 0002:000006d4       __real@4@3ffec000000000000000 100216d4     Game.obj
 0002:000006d8       __real@4@3ff7a3d70a0000000000 100216d8     Game.obj
 0002:000006dc       __real@4@4003f000000000000000 100216dc     Game.obj
 0002:000006e0       __real@8@3fffc000000000000000 100216e0     Game.obj
 0002:000006e8       __real@4@4004f000000000000000 100216e8     Game.obj
 0002:000006ec       __real@4@4007c800000000000000 100216ec     Game.obj
 0002:000006f0       __real@4@3ffdaaa64c0000000000 100216f0     Game.obj
 0002:000006f4       __real@4@40008000000000000000 100216f4     Game.obj
 0002:000006f8       __real@4@3ffee666660000000000 100216f8     Game.obj
 0002:000006fc       __real@4@4006c000000000000000 100216fc     Game.obj
 0002:00000700       __real@4@3ffeb333330000000000 10021700     Game.obj
 0002:00000704       __real@4@3ffaf5c28f0000000000 10021704     Game.obj
 0002:00000708       __real@4@3ffc99999a0000000000 10021708     Game.obj
 0002:0000070c       __real@4@3ff5ccccccccccccd000 1002170c     Game.obj
 0002:00000710       __real@4@3ff58f5c28ccccccd000 10021710     Game.obj
 0002:00000718       __real@8@4003c800000000000000 10021718     Game.obj
 0002:00000720       __real@4@3ffecccccd0000000000 10021720     Game.obj
 0002:00000728       __real@8@40048000000000000000 10021728     Game.obj
 0002:00000730       __real@4@3ffe99999a0000000000 10021730     Game.obj
 0002:00000734       __real@4@3ff5f5c2900000000000 10021734     Game.obj
 0002:00000738       __real@8@4003a800000000000000 10021738     Game.obj
 0002:00000740       __real@8@40048c00000000000000 10021740     Game.obj
 0002:00000748       __real@4@4007d200000000000000 10021748     Game.obj
 0002:0000074c       __real@4@4006aa00000000000000 1002174c     Game.obj
 0002:00000750       __real@4@3ff68779a66666666800 10021750     Game.obj
 0002:00000758       __real@8@4003f800000000000000 10021758     Game.obj
 0002:00000760       __real@4@3ff6be0decccccccd000 10021760     Game.obj
 0002:00000768       __real@8@4008a000000000000000 10021768     Game.obj
 0002:00000770       __real@4@3ff5a3d70a6666666800 10021770     LCDDrawing.obj
 0002:00000774       __real@4@3ffef333330000000000 10021774     LCDDrawing.obj
 0002:00000778       __real@4@3ff6851eb80000000000 10021778     LCDDrawing.obj
 0002:00000780       __real@8@4004a000000000000000 10021780     LCDDrawing.obj
 0002:00000788       __real@4@3ff4ccccccccccccd000 10021788     LCDDrawing.obj
 0002:0000078c       __real@4@3ff6ae147b3333333800 1002178c     LCDDrawing.obj
 0002:00000790       __real@8@3ffe8000000000000000 10021790     LCDDrawing.obj
 0002:00000798       __real@4@4005c800000000000000 10021798     LoadingHook.obj
 0002:000007a0       __real@8@3ffccccccd0000000000 100217a0     LoadingHook.obj
 0002:000007a8       __real@4@40038000000000000000 100217a8     Map.obj
 0002:000007ac       __real@4@40028000000000000000 100217ac     Map.obj
 0002:000007b0       __real@4@40078000000000000000 100217b0     Map.obj
 0002:000007b4       __real@4@4007f000000000000000 100217b4     Map.obj
 0002:000007b8       __real@4@40088000000000000000 100217b8     Map.obj
 0002:000007c4       ??_7type_info@@6B@         100217c4     MSVCRT:ti_inst.obj
 0002:000007f8       ??_R1A@?0A@A@type_info@@8  100217f8     MSVCRT:ti_inst.obj
 0002:00000810       ??_R2type_info@@8          10021810     MSVCRT:ti_inst.obj
 0002:00000818       ??_R3type_info@@8          10021818     MSVCRT:ti_inst.obj
 0002:00000828       ??_R4type_info@@6B@        10021828     MSVCRT:ti_inst.obj
 0002:00000bb0       __CT??_R0PAX@84            10021bb0     CompMessage.obj
 0002:00000bd0       __CT??_R0PAD@84            10021bd0     CompMessage.obj
 0002:00000bf0       __CTA2PAD                  10021bf0     CompMessage.obj
 0002:00000c00       __TI2PAD                   10021c00     CompMessage.obj
 0002:000035c0       __IMPORT_DESCRIPTOR_USER32 100245c0     user32:USER32.dll
 0002:000035d4       __IMPORT_DESCRIPTOR_EntitiesMP 100245d4     EntitiesMP:EntitiesMP.dll
 0002:000035e8       __IMPORT_DESCRIPTOR_Engine 100245e8     Engine:Engine.dll
 0002:000035fc       __IMPORT_DESCRIPTOR_MSVCRT 100245fc     MSVCRT:MSVCRT.dll
 0002:00003610       __IMPORT_DESCRIPTOR_KERNEL32 10024610     kernel32:KERNEL32.dll
 0002:00003624       __NULL_IMPORT_DESCRIPTOR   10024624     user32:USER32.dll
 0003:00000000       ___xc_a                    10028000     MSVCRT:cinitexe.obj
 0003:00000110       ___xc_z                    10028110     MSVCRT:cinitexe.obj
 0003:00000114       ___xi_a                    10028114     MSVCRT:cinitexe.obj
 0003:00000118       ___xi_z                    10028118     MSVCRT:cinitexe.obj
 0003:00000360       ??_R0PAD@8                 10028360     Camera.obj
 0003:00000370       ??_R0PAX@8                 10028370     CompMessage.obj
[...]
 0003:00007ef4       __adjust_fdiv              1002fef4     <common>
 0003:00007ef8       __pRawDllMain              1002fef8     <common>
 0003:00007efc       ___onexitend               1002fefc     <common>
 0003:00007f00       ___onexitbegin             1002ff00     <common>

 entry point at        0001:0001d311

 Static symbols

 0001:0001bbb0       ?SetGameModeParameters@@YAXAAVCSessionProperties@@@Z 1001cbb0 f   SessionProperties.obj
 0001:0001bc10       ?SetDifficultyParameters@@YAXAAVCSessionProperties@@@Z 1001cc10 f   SessionProperties.obj
 0001:0001ad20       _$E17                      1001bd20 f   Map.obj
 0001:0001ad30       _$E14                      1001bd30 f   Map.obj
 0001:0001ad50       _$E16                      1001bd50 f   Map.obj
 0001:0001ad60       _$E15                      1001bd60 f   Map.obj
 0001:0001ad80       _$E22                      1001bd80 f   Map.obj
 0001:0001ad90       _$E19                      1001bd90 f   Map.obj
 0001:0001ada0       _$E21                      1001bda0 f   Map.obj
 0001:0001adb0       _$E20                      1001bdb0 f   Map.obj
 0001:0001adc0       _$E27                      1001bdc0 f   Map.obj
 0001:0001add0       _$E24                      1001bdd0 f   Map.obj
 0001:0001ade0       _$E26                      1001bde0 f   Map.obj
 0001:0001adf0       _$E25                      1001bdf0 f   Map.obj
 0001:0001ae00       _$E32                      1001be00 f   Map.obj
 0001:0001ae10       _$E29                      1001be10 f   Map.obj
 0001:0001ae20       _$E31                      1001be20 f   Map.obj
 0001:0001ae30       _$E30                      1001be30 f   Map.obj
 0001:0001ae40       _$E37                      1001be40 f   Map.obj
 0001:0001ae50       _$E34                      1001be50 f   Map.obj
 0001:0001ae60       _$E36                      1001be60 f   Map.obj
 0001:0001ae70       _$E35                      1001be70 f   Map.obj
 0001:0001ae80       _$E42                      1001be80 f   Map.obj
 0001:0001ae90       _$E39                      1001be90 f   Map.obj
 0001:0001aea0       _$E41                      1001bea0 f   Map.obj
 0001:0001aeb0       _$E40                      1001beb0 f   Map.obj
 0001:0001a720       ?LoadingHook_t@@YAXPAVCProgressHookInfo@@@Z 1001b720 f   LoadingHook.obj
 0001:0001acf0       _$E15                      1001bcf0 f   LoadingHook.obj
 0001:00019c50       _$E17                      1001ac50 f   LCDDrawing.obj
 0001:00019c60       _$E14                      1001ac60 f   LCDDrawing.obj
 0001:00019c70       _$E16                      1001ac70 f   LCDDrawing.obj
 0001:00019c80       _$E15                      1001ac80 f   LCDDrawing.obj
 0001:00019c90       _$E22                      1001ac90 f   LCDDrawing.obj
 0001:00019ca0       _$E19                      1001aca0 f   LCDDrawing.obj
 0001:00019cb0       _$E21                      1001acb0 f   LCDDrawing.obj
 0001:00019cc0       _$E20                      1001acc0 f   LCDDrawing.obj
 0001:00019cd0       _$E27                      1001acd0 f   LCDDrawing.obj
 0001:00019ce0       _$E24                      1001ace0 f   LCDDrawing.obj
 0001:00019cf0       _$E26                      1001acf0 f   LCDDrawing.obj
 0001:00019d00       _$E25                      1001ad00 f   LCDDrawing.obj
 0001:00019d10       _$E30                      1001ad10 f   LCDDrawing.obj
 0001:00019d20       _$E29                      1001ad20 f   LCDDrawing.obj
 0001:0000eb30       _$E15                      1000fb30 f   Game.obj
 0001:0000eb40       _$E14                      1000fb40 f   Game.obj
 0001:0000eb50       _$E20                      1000fb50 f   Game.obj
 0001:0000eb60       _$E17                      1000fb60 f   Game.obj
 0001:0000ebd0       _$E19                      1000fbd0 f   Game.obj
 0001:0000ebe0       _$E18                      1000fbe0 f   Game.obj
 0001:0000ebf0       _$E25                      1000fbf0 f   Game.obj
 0001:0000ec00       _$E22                      1000fc00 f   Game.obj
 0001:0000ec70       _$E24                      1000fc70 f   Game.obj
 0001:0000ec80       _$E23                      1000fc80 f   Game.obj
 0001:0000ec90       _$E30                      1000fc90 f   Game.obj
 0001:0000eca0       _$E27                      1000fca0 f   Game.obj
 0001:0000ed10       _$E29                      1000fd10 f   Game.obj
 0001:0000ed20       _$E28                      1000fd20 f   Game.obj
 0001:0000ed30       _$E35                      1000fd30 f   Game.obj
 0001:0000ed40       _$E32                      1000fd40 f   Game.obj
 0001:0000edb0       _$E34                      1000fdb0 f   Game.obj
 0001:0000edc0       _$E33                      1000fdc0 f   Game.obj
 0001:0000edd0       _$E40                      1000fdd0 f   Game.obj
 0001:0000ede0       _$E37                      1000fde0 f   Game.obj
 0001:0000ee00       _$E39                      1000fe00 f   Game.obj
 0001:0000ee10       _$E38                      1000fe10 f   Game.obj
 0001:0000ee20       _$E45                      1000fe20 f   Game.obj
 0001:0000ee30       _$E42                      1000fe30 f   Game.obj
 0001:0000ee40       _$E44                      1000fe40 f   Game.obj
 0001:0000ee50       _$E43                      1000fe50 f   Game.obj
 0001:0000ee60       _$E50                      1000fe60 f   Game.obj
 0001:0000ee70       _$E47                      1000fe70 f   Game.obj
 0001:0000ee80       _$E49                      1000fe80 f   Game.obj
 0001:0000ee90       _$E48                      1000fe90 f   Game.obj
 0001:0000eea0       _$E55                      1000fea0 f   Game.obj
 0001:0000eeb0       _$E52                      1000feb0 f   Game.obj
 0001:0000eec0       _$E54                      1000fec0 f   Game.obj
 0001:0000eed0       _$E53                      1000fed0 f   Game.obj
 0001:0000f050       _$E58                      10010050 f   Game.obj
 0001:0000f060       _$E57                      10010060 f   Game.obj
 0001:0000f070       _$E61                      10010070 f   Game.obj
 0001:0000f080       _$E60                      10010080 f   Game.obj
 0001:0000f090       _$E66                      10010090 f   Game.obj
 0001:0000f0a0       _$E63                      100100a0 f   Game.obj
 0001:0000f0c0       _$E65                      100100c0 f   Game.obj
 0001:0000f0d0       _$E64                      100100d0 f   Game.obj
 0001:0000f0e0       _$E71                      100100e0 f   Game.obj
 0001:0000f0f0       _$E68                      100100f0 f   Game.obj
 0001:0000f110       _$E70                      10010110 f   Game.obj
 0001:0000f120       _$E69                      10010120 f   Game.obj
 0001:0000f130       _$E76                      10010130 f   Game.obj
 0001:0000f140       _$E73                      10010140 f   Game.obj
 0001:0000f160       _$E75                      10010160 f   Game.obj
 0001:0000f170       _$E74                      10010170 f   Game.obj
 0001:0000fa20       ?CalcDemoProfile@@YAXJAAJAAN1AAM22222222222222@Z 10010a20 f   Game.obj
 0001:00011a50       ?DumpDemoProfile@@YAXXZ    10012a50 f   Game.obj
 0001:00011c40       ?ReportDemoProfile@@YAXXZ  10012c40 f   Game.obj
 0001:00011d50       ?PlayScriptSound@@YAXJABVCTString@@MMH@Z 10012d50 f   Game.obj
 0001:00011e60       ?StopScriptSound@@YAXJ@Z   10012e60 f   Game.obj
 0001:00011e90       ?IsScriptSoundPlaying@@YAJJ@Z 10012e90 f   Game.obj
 0001:00011ec0       ?DumpProfileToFile@@YAXXZ  10012ec0 f   Game.obj
 0001:00011ed0       ?DumpProfileToConsole@@YAXXZ 10012ed0 f   Game.obj
 0001:00011ee0       ?RecordProfile@@YAXXZ      10012ee0 f   Game.obj
 0001:00011ef0       ?SaveScreenShot@@YAXXZ     10012ef0 f   Game.obj
 0001:00011f00       ?Say@@YAXABVCTString@@@Z   10012f00 f   Game.obj
 0001:00011f20       ?SayFromTo@@YAXJJABVCTString@@@Z 10012f20 f   Game.obj
 0001:00013d40       _$E81                      10014d40 f   Game.obj
 0001:00013d50       _$E78                      10014d50 f   Game.obj
 0001:00013dc0       _$E80                      10014dc0 f   Game.obj
 0001:00013dd0       _$E79                      10014dd0 f   Game.obj
 0001:00013e20       _$E84                      10014e20 f   Game.obj
 0001:00013e30       _$E83                      10014e30 f   Game.obj
 0001:00013e40       _$E87                      10014e40 f   Game.obj
 0001:00013e50       _$E86                      10014e50 f   Game.obj
 0001:00013e60       _$E92                      10014e60 f   Game.obj
 0001:00013e70       _$E89                      10014e70 f   Game.obj
 0001:00013e90       _$E91                      10014e90 f   Game.obj
 0001:00013ea0       _$E90                      10014ea0 f   Game.obj
 0001:00015000       ?MakeScreenShotName@@YA?AVCTFileName@@XZ 10016000 f   Game.obj
 0001:00015230       ?PrintStats@@YAXPAVCDrawPort@@@Z 10016230 f   Game.obj
 0001:000159d0       ?MakeSplitDrawports@@YAXW4SplitScreenCfg@CGame@@JPAVCDrawPort@@@Z 100169d0 f   Game.obj
 0001:00017520       _$E96                      10018520 f   Game.obj
 0001:00017530       _$E95                      10018530 f   Game.obj
 0001:00018580       _$E100                     10019580 f   Game.obj
 0001:00018590       _$E97                      10019590 f   Game.obj
 0001:000185a0       _$E99                      100195a0 f   Game.obj
 0001:000185b0       _$E98                      100195b0 f   Game.obj
 0001:000185c0       _$E105                     100195c0 f   Game.obj
 0001:000185d0       _$E102                     100195d0 f   Game.obj
 0001:000185e0       _$E104                     100195e0 f   Game.obj
 0001:000185f0       _$E103                     100195f0 f   Game.obj
 0001:00018600       _$E110                     10019600 f   Game.obj
 0001:00018610       _$E107                     10019610 f   Game.obj
 0001:00018620       _$E109                     10019620 f   Game.obj
 0001:00018630       _$E108                     10019630 f   Game.obj
 0001:00018640       _$E115                     10019640 f   Game.obj
 0001:00018650       _$E112                     10019650 f   Game.obj
 0001:00018660       _$E114                     10019660 f   Game.obj
 0001:00018670       _$E113                     10019670 f   Game.obj
 0001:00018680       _$E120                     10019680 f   Game.obj
 0001:00018690       _$E117                     10019690 f   Game.obj
 0001:000186a0       _$E119                     100196a0 f   Game.obj
 0001:000186b0       _$E118                     100196b0 f   Game.obj
 0001:000186c0       _$E125                     100196c0 f   Game.obj
 0001:000186d0       _$E122                     100196d0 f   Game.obj
 0001:000186e0       _$E124                     100196e0 f   Game.obj
 0001:000186f0       _$E123                     100196f0 f   Game.obj
 0001:00018700       _$E130                     10019700 f   Game.obj
 0001:00018710       _$E127                     10019710 f   Game.obj
 0001:00018720       _$E129                     10019720 f   Game.obj
 0001:00018730       _$E128                     10019730 f   Game.obj
 0001:00018740       _$E135                     10019740 f   Game.obj
 0001:00018750       _$E132                     10019750 f   Game.obj
 0001:00018760       _$E134                     10019760 f   Game.obj
 0001:00018770       _$E133                     10019770 f   Game.obj
 0001:00018780       _$E138                     10019780 f   Game.obj
 0001:00018790       _$E137                     10019790 f   Game.obj
 0001:0000c010       _$E15                      1000d010 f   Console.obj
 0001:0000c020       _$E14                      1000d020 f   Console.obj
 0001:0000c030       _$E20                      1000d030 f   Console.obj
 0001:0000c040       _$E17                      1000d040 f   Console.obj
 0001:0000c060       _$E19                      1000d060 f   Console.obj
 0001:0000c070       _$E18                      1000d070 f   Console.obj
 0001:0000c080       _$E25                      1000d080 f   Console.obj
 0001:0000c090       _$E22                      1000d090 f   Console.obj
 0001:0000c0b0       _$E24                      1000d0b0 f   Console.obj
 0001:0000c0c0       _$E23                      1000d0c0 f   Console.obj
 0001:0000c0d0       _$E30                      1000d0d0 f   Console.obj
 0001:0000c0e0       _$E27                      1000d0e0 f   Console.obj
 0001:0000c100       _$E29                      1000d100 f   Console.obj
 0001:0000c110       _$E28                      1000d110 f   Console.obj
 0001:0000c120       _$E35                      1000d120 f   Console.obj
 0001:0000c130       _$E32                      1000d130 f   Console.obj
 0001:0000c150       _$E34                      1000d150 f   Console.obj
 0001:0000c160       _$E33                      1000d160 f   Console.obj
 0001:0000c170       _$E40                      1000d170 f   Console.obj
 0001:0000c180       _$E37                      1000d180 f   Console.obj
 0001:0000c1a0       _$E39                      1000d1a0 f   Console.obj
 0001:0000c1b0       _$E38                      1000d1b0 f   Console.obj
 0001:0000c1c0       _$E45                      1000d1c0 f   Console.obj
 0001:0000c1d0       _$E42                      1000d1d0 f   Console.obj
 0001:0000c1f0       _$E44                      1000d1f0 f   Console.obj
 0001:0000c200       _$E43                      1000d200 f   Console.obj
 0001:0000cb90       ?Key_Backspace@@YAXHH@Z    1000db90 f   Console.obj
 0001:0000cc10       ?Key_ArrowUp@@YAXXZ        1000dc10 f   Console.obj
 0001:0000ce30       ?Key_ArrowDown@@YAXXZ      1000de30 f   Console.obj
 0001:0000d020       ?Key_Return@@YAXXZ         1000e020 f   Console.obj
 0001:0000d5b0       ?Key_Tab@@YAXH@Z           1000e5b0 f   Console.obj
 0001:0000da50       ?Key_PgUp@@YAXH@Z          1000ea50 f   Console.obj
 0001:0000da80       ?Key_PgDn@@YAXH@Z          1000ea80 f   Console.obj
 0001:00008120       _$E15                      10009120 f   Computer.obj
 0001:00008130       _$E14                      10009130 f   Computer.obj
 0001:00008140       _$E18                      10009140 f   Computer.obj
 0001:00008150       _$E17                      10009150 f   Computer.obj
 0001:00008160       _$E23                      10009160 f   Computer.obj
 0001:00008170       _$E20                      10009170 f   Computer.obj
 0001:00008190       _$E22                      10009190 f   Computer.obj
 0001:000081a0       _$E21                      100091a0 f   Computer.obj
 0001:000081b0       _$E26                      100091b0 f   Computer.obj
 0001:000081c0       _$E25                      100091c0 f   Computer.obj
 0001:000081d0       _$E29                      100091d0 f   Computer.obj
 0001:000081e0       _$E28                      100091e0 f   Computer.obj
 0001:000081f0       _$E32                      100091f0 f   Computer.obj
 0001:00008200       _$E31                      10009200 f   Computer.obj
 0001:00008230       _$E35                      10009230 f   Computer.obj
 0001:00008240       _$E34                      10009240 f   Computer.obj
 0001:00008270       _$E38                      10009270 f   Computer.obj
 0001:00008280       _$E37                      10009280 f   Computer.obj
 0001:000082b0       _$E41                      100092b0 f   Computer.obj
 0001:000082c0       _$E40                      100092c0 f   Computer.obj
 0001:000082f0       _$E44                      100092f0 f   Computer.obj
 0001:00008300       _$E43                      10009300 f   Computer.obj
 0001:00008330       _$E47                      10009330 f   Computer.obj
 0001:00008340       _$E46                      10009340 f   Computer.obj
 0001:00008370       _$E52                      10009370 f   Computer.obj
 0001:00008380       _$E49                      10009380 f   Computer.obj
 0001:00008390       _$E51                      10009390 f   Computer.obj
 0001:000083a0       _$E50                      100093a0 f   Computer.obj
 0001:000083b0       _$E57                      100093b0 f   Computer.obj
 0001:000083c0       _$E54                      100093c0 f   Computer.obj
 0001:000083d0       _$E56                      100093d0 f   Computer.obj
 0001:000083e0       _$E55                      100093e0 f   Computer.obj
 0001:000088d0       ?SetFont2@@YAXPAVCDrawPort@@@Z 100098d0 f   Computer.obj
 0001:00008900       ?MouseOverColor@@YAKABV?$AABBox@J$01@@KKK@Z 10009900 f   Computer.obj
 0001:00008e20       ?SetFont1@@YAXPAVCDrawPort@@@Z 10009e20 f   Computer.obj
 0001:00008e50       ?GetMsgListBox@@YA?AV?$AABBox@J$01@@J@Z 10009e50 f   Computer.obj
 0001:00008ef0       ?GetMsgSliderSpace@@YA?AV?$AABBox@J$01@@XZ 10009ef0 f   Computer.obj
 0001:00008fc0       ?GetMsgSliderBox@@YA?AV?$AABBox@J$01@@XZ 10009fc0 f   Computer.obj
 0001:00009090       ?GetSliderBox@@YA?AV?$AABBox@J$01@@JJJV1@@Z 1000a090 f   Computer.obj
 0001:00009730       ?GetTextSliderSpace@@YA?AV?$AABBox@J$01@@XZ 1000a730 f   Computer.obj
 0001:00009810       ?GetTextSliderBox@@YA?AV?$AABBox@J$01@@XZ 1000a810 f   Computer.obj
 0001:00009ea0       ?SliderPixToIndex@@YAJJJJV?$AABBox@J$01@@@Z 1000aea0 f   Computer.obj
 0001:0000a490       ?NextUnreadMessage@@YAXXZ  1000b490 f   Computer.obj
 0001:0000a4e0       ?FindGroupWithUnread@@YAHXZ 1000b4e0 f   Computer.obj
 0001:0000a530       ?ExitRequested@@YAXXZ      1000b530 f   Computer.obj
 0001:0000a660       ?ComputerOff@@YAXXZ        1000b660 f   Computer.obj
 0001:0000b030       ?UpdateFirstOnScreen@@YAXXZ 1000c030 f   Computer.obj
 0001:0000b0b0       ?UpdateType@@YAXH@Z        1000c0b0 f   Computer.obj
 0001:0000b1f0       ?UpdateMessageAppearing@@YAXXZ 1000c1f0 f   Computer.obj
 0001:0000b360       ?UpdateSize@@YAXPAVCDrawPort@@@Z 1000c360 f   Computer.obj
 0001:0000bae0       ?ComputerOn@@YAXXZ         1000cae0 f   Computer.obj
 0001:00001780       _$E17                      10002780 f   CompModels.obj
 0001:00001790       _$E14                      10002790 f   CompModels.obj
 0001:000017a0       _$E16                      100027a0 f   CompModels.obj
 0001:000017b0       _$E15                      100027b0 f   CompModels.obj
 0001:000017c0       _$E22                      100027c0 f   CompModels.obj
 0001:000017d0       _$E19                      100027d0 f   CompModels.obj
 0001:000017e0       _$E21                      100027e0 f   CompModels.obj
 0001:000017f0       _$E20                      100027f0 f   CompModels.obj
 0001:00001800       _$E25                      10002800 f   CompModels.obj
 0001:00001810       _$E24                      10002810 f   CompModels.obj
 0001:00001820       _$E28                      10002820 f   CompModels.obj
 0001:00001830       _$E27                      10002830 f   CompModels.obj
 0001:00001840       _$E31                      10002840 f   CompModels.obj
 0001:00001850       _$E30                      10002850 f   CompModels.obj
 0001:00001890       _$E36                      10002890 f   CompModels.obj
 0001:000018a0       _$E33                      100028a0 f   CompModels.obj
 0001:000018c0       _$E35                      100028c0 f   CompModels.obj
 0001:000018d0       _$E34                      100028d0 f   CompModels.obj
 0001:00000000       _$E17                      10001000 f   Camera.obj
 0001:00000010       _$E14                      10001010 f   Camera.obj
 0001:00000020       _$E16                      10001020 f   Camera.obj
 0001:00000030       _$E15                      10001030 f   Camera.obj
 0001:00000040       _$E20                      10001040 f   Camera.obj
 0001:00000050       _$E19                      10001050 f   Camera.obj
 0001:00000060       _$E23                      10001060 f   Camera.obj
 0001:00000070       _$E22                      10001070 f   Camera.obj
 0001:00000080       _$E26                      10001080 f   Camera.obj
 0001:00000090       _$E25                      10001090 f   Camera.obj
 0001:0001d138       ?ArrayUnwindFilter@@YAHPAU_EXCEPTION_POINTERS@@@Z 1001e138 f   MSVCRT:ehvecdtr.obj
